Component: ARM Compiler 5.06 update 3 (build 300) Tool: armlink [4d35c9]

==============================================================================

Section Cross References

    system_stm32f10x.o(i.SetSysClock) refers to system_stm32f10x.o(i.SetSysClockTo72) for SetSysClockTo72
    system_stm32f10x.o(i.SystemCoreClockUpdate) refers to system_stm32f10x.o(.data) for SystemCoreClock
    system_stm32f10x.o(i.SystemInit) refers to system_stm32f10x.o(i.SetSysClock) for SetSysClock
    init_led.o(i.Init_LED) refers to stm32f10x_rcc.o(i.RCC_APB2PeriphClockCmd) for RCC_APB2PeriphClockCmd
    init_led.o(i.Init_LED) refers to stm32f10x_gpio.o(i.GPIO_Init) for GPIO_Init
    init_pwm.o(i.Init_PWM) refers to stm32f10x_rcc.o(i.RCC_APB2PeriphClockCmd) for RCC_APB2PeriphClockCmd
    init_pwm.o(i.Init_PWM) refers to stm32f10x_rcc.o(i.RCC_APB1PeriphClockCmd) for RCC_APB1PeriphClockCmd
    init_pwm.o(i.Init_PWM) refers to stm32f10x_gpio.o(i.GPIO_Init) for GPIO_Init
    init_pwm.o(i.Init_PWM) refers to stm32f10x_gpio.o(i.GPIO_PinRemapConfig) for GPIO_PinRemapConfig
    init_pwm.o(i.Init_PWM) refers to stm32f10x_tim.o(i.TIM_TimeBaseInit) for TIM_TimeBaseInit
    init_pwm.o(i.Init_PWM) refers to stm32f10x_tim.o(i.TIM_Cmd) for TIM_Cmd
    init_pwm.o(i.Init_PWM) refers to ffixu.o(x$fpl$ffixu) for __aeabi_f2uiz
    init_pwm.o(i.Init_PWM) refers to stm32f10x_tim.o(i.TIM_OC1Init) for TIM_OC1Init
    init_pwm.o(i.Init_PWM) refers to stm32f10x_tim.o(i.TIM_OC2Init) for TIM_OC2Init
    init_pwm.o(i.Init_PWM) refers to stm32f10x_tim.o(i.TIM_OC3Init) for TIM_OC3Init
    init_pwm.o(i.Init_PWM) refers to stm32f10x_tim.o(i.TIM_OC4Init) for TIM_OC4Init
    init_pwm.o(i.Init_PWM) refers to fmul.o(x$fpl$fmul) for __aeabi_fmul
    init_usart.o(i.DMA1_Channel2_IRQHandler) refers to stm32f10x_dma.o(i.DMA_GetITStatus) for DMA_GetITStatus
    init_usart.o(i.DMA1_Channel2_IRQHandler) refers to stm32f10x_dma.o(i.DMA_Cmd) for DMA_Cmd
    init_usart.o(i.DMA1_Channel2_IRQHandler) refers to stm32f10x_dma.o(i.DMA_ClearFlag) for DMA_ClearFlag
    init_usart.o(i.DMA1_Channel2_IRQHandler) refers to stm32f10x_dma.o(i.DMA_ClearITPendingBit) for DMA_ClearITPendingBit
    init_usart.o(i.DMA1_Channel2_IRQHandler) refers to stm32f10x_usart.o(i.USART_ClearITPendingBit) for USART_ClearITPendingBit
    init_usart.o(i.DMA1_Channel2_IRQHandler) refers to stm32f10x_dma.o(i.DMA_SetCurrDataCounter) for DMA_SetCurrDataCounter
    init_usart.o(i.DMA1_Channel2_IRQHandler) refers to init_usart.o(.data) for dmaFlag
    init_usart.o(i.Init_USART1) refers to stm32f10x_rcc.o(i.RCC_APB2PeriphClockCmd) for RCC_APB2PeriphClockCmd
    init_usart.o(i.Init_USART1) refers to stm32f10x_rcc.o(i.RCC_AHBPeriphClockCmd) for RCC_AHBPeriphClockCmd
    init_usart.o(i.Init_USART1) refers to stm32f10x_gpio.o(i.GPIO_Init) for GPIO_Init
    init_usart.o(i.Init_USART1) refers to stm32f10x_usart.o(i.USART_Init) for USART_Init
    init_usart.o(i.Init_USART1) refers to stm32f10x_dma.o(i.DMA_DeInit) for DMA_DeInit
    init_usart.o(i.Init_USART1) refers to stm32f10x_dma.o(i.DMA_Init) for DMA_Init
    init_usart.o(i.Init_USART1) refers to stm32f10x_dma.o(i.DMA_Cmd) for DMA_Cmd
    init_usart.o(i.Init_USART1) refers to misc.o(i.NVIC_Init) for NVIC_Init
    init_usart.o(i.Init_USART1) refers to misc.o(i.NVIC_PriorityGroupConfig) for NVIC_PriorityGroupConfig
    init_usart.o(i.Init_USART1) refers to stm32f10x_usart.o(i.USART_ITConfig) for USART_ITConfig
    init_usart.o(i.Init_USART1) refers to stm32f10x_usart.o(i.USART_DMACmd) for USART_DMACmd
    init_usart.o(i.Init_USART1) refers to stm32f10x_usart.o(i.USART_Cmd) for USART_Cmd
    init_usart.o(i.Init_USART1) refers to init_usart.o(.bss) for UART1_Buffer
    init_usart.o(i.Init_USART2) refers to stm32f10x_rcc.o(i.RCC_APB2PeriphClockCmd) for RCC_APB2PeriphClockCmd
    init_usart.o(i.Init_USART2) refers to stm32f10x_rcc.o(i.RCC_APB1PeriphClockCmd) for RCC_APB1PeriphClockCmd
    init_usart.o(i.Init_USART2) refers to stm32f10x_rcc.o(i.RCC_AHBPeriphClockCmd) for RCC_AHBPeriphClockCmd
    init_usart.o(i.Init_USART2) refers to stm32f10x_gpio.o(i.GPIO_Init) for GPIO_Init
    init_usart.o(i.Init_USART2) refers to stm32f10x_usart.o(i.USART_Init) for USART_Init
    init_usart.o(i.Init_USART2) refers to stm32f10x_usart.o(i.USART_Cmd) for USART_Cmd
    init_usart.o(i.Init_USART3) refers to stm32f10x_rcc.o(i.RCC_APB2PeriphClockCmd) for RCC_APB2PeriphClockCmd
    init_usart.o(i.Init_USART3) refers to stm32f10x_rcc.o(i.RCC_APB1PeriphClockCmd) for RCC_APB1PeriphClockCmd
    init_usart.o(i.Init_USART3) refers to stm32f10x_rcc.o(i.RCC_AHBPeriphClockCmd) for RCC_AHBPeriphClockCmd
    init_usart.o(i.Init_USART3) refers to stm32f10x_gpio.o(i.GPIO_Init) for GPIO_Init
    init_usart.o(i.Init_USART3) refers to stm32f10x_gpio.o(i.GPIO_PinRemapConfig) for GPIO_PinRemapConfig
    init_usart.o(i.Init_USART3) refers to stm32f10x_usart.o(i.USART_Init) for USART_Init
    init_usart.o(i.Init_USART3) refers to stm32f10x_dma.o(i.DMA_DeInit) for DMA_DeInit
[...]
    Removing stm32f10x_tim.o(i.TIM_CounterModeConfig), (18 bytes).
    Removing stm32f10x_tim.o(i.TIM_CtrlPWMOutputs), (30 bytes).
    Removing stm32f10x_tim.o(i.TIM_DMACmd), (18 bytes).
    Removing stm32f10x_tim.o(i.TIM_DMAConfig), (10 bytes).
    Removing stm32f10x_tim.o(i.TIM_ETRClockMode1Config), (54 bytes).
    Removing stm32f10x_tim.o(i.TIM_EncoderInterfaceConfig), (66 bytes).
    Removing stm32f10x_tim.o(i.TIM_ForcedOC1Config), (18 bytes).
    Removing stm32f10x_tim.o(i.TIM_ForcedOC2Config), (26 bytes).
    Removing stm32f10x_tim.o(i.TIM_ForcedOC3Config), (18 bytes).
    Removing stm32f10x_tim.o(i.TIM_ForcedOC4Config), (26 bytes).
    Removing stm32f10x_tim.o(i.TIM_GenerateEvent), (4 bytes).
    Removing stm32f10x_tim.o(i.TIM_GetCapture1), (6 bytes).
    Removing stm32f10x_tim.o(i.TIM_GetCapture2), (6 bytes).
    Removing stm32f10x_tim.o(i.TIM_GetCapture3), (6 bytes).
    Removing stm32f10x_tim.o(i.TIM_GetCapture4), (8 bytes).
    Removing stm32f10x_tim.o(i.TIM_GetCounter), (6 bytes).
    Removing stm32f10x_tim.o(i.TIM_GetFlagStatus), (18 bytes).
    Removing stm32f10x_tim.o(i.TIM_GetPrescaler), (6 bytes).
    Removing stm32f10x_tim.o(i.TIM_ICInit), (172 bytes).
    Removing stm32f10x_tim.o(i.TIM_ICStructInit), (18 bytes).
    Removing stm32f10x_tim.o(i.TIM_ITRxExternalClockConfig), (24 bytes).
    Removing stm32f10x_tim.o(i.TIM_InternalClockConfig), (12 bytes).
    Removing stm32f10x_tim.o(i.TIM_OC1FastConfig), (18 bytes).
    Removing stm32f10x_tim.o(i.TIM_OC1NPolarityConfig), (18 bytes).
    Removing stm32f10x_tim.o(i.TIM_OC1PolarityConfig), (18 bytes).
    Removing stm32f10x_tim.o(i.TIM_OC1PreloadConfig), (18 bytes).
    Removing stm32f10x_tim.o(i.TIM_OC2FastConfig), (26 bytes).
    Removing stm32f10x_tim.o(i.TIM_OC2NPolarityConfig), (26 bytes).
    Removing stm32f10x_tim.o(i.TIM_OC2PolarityConfig), (26 bytes).
    Removing stm32f10x_tim.o(i.TIM_OC2PreloadConfig), (26 bytes).
    Removing stm32f10x_tim.o(i.TIM_OC3FastConfig), (18 bytes).
    Removing stm32f10x_tim.o(i.TIM_OC3NPolarityConfig), (26 bytes).
    Removing stm32f10x_tim.o(i.TIM_OC3PolarityConfig), (26 bytes).
    Removing stm32f10x_tim.o(i.TIM_OC3PreloadConfig), (18 bytes).
    Removing stm32f10x_tim.o(i.TIM_OC4FastConfig), (26 bytes).
    Removing stm32f10x_tim.o(i.TIM_OC4PolarityConfig), (26 bytes).
    Removing stm32f10x_tim.o(i.TIM_OC4PreloadConfig), (26 bytes).
    Removing stm32f10x_tim.o(i.TIM_OCStructInit), (20 bytes).
    Removing stm32f10x_tim.o(i.TIM_PWMIConfig), (124 bytes).
    Removing stm32f10x_tim.o(i.TIM_PrescalerConfig), (6 bytes).
    Removing stm32f10x_tim.o(i.TIM_SelectCCDMA), (24 bytes).
    Removing stm32f10x_tim.o(i.TIM_SelectCOM), (24 bytes).
    Removing stm32f10x_tim.o(i.TIM_SelectHallSensor), (24 bytes).
    Removing stm32f10x_tim.o(i.TIM_SelectInputTrigger), (18 bytes).
    Removing stm32f10x_tim.o(i.TIM_SelectMasterSlaveMode), (18 bytes).
    Removing stm32f10x_tim.o(i.TIM_SelectOCxM), (82 bytes).
    Removing stm32f10x_tim.o(i.TIM_SelectOnePulseMode), (18 bytes).
    Removing stm32f10x_tim.o(i.TIM_SelectOutputTrigger), (18 bytes).
    Removing stm32f10x_tim.o(i.TIM_SelectSlaveMode), (18 bytes).
    Removing stm32f10x_tim.o(i.TIM_SetAutoreload), (4 bytes).
    Removing stm32f10x_tim.o(i.TIM_SetClockDivision), (18 bytes).
    Removing stm32f10x_tim.o(i.TIM_SetIC1Prescaler), (18 bytes).
    Removing stm32f10x_tim.o(i.TIM_SetIC2Prescaler), (26 bytes).
    Removing stm32f10x_tim.o(i.TIM_SetIC3Prescaler), (18 bytes).
    Removing stm32f10x_tim.o(i.TIM_SetIC4Prescaler), (26 bytes).
    Removing stm32f10x_tim.o(i.TIM_TIxExternalClockConfig), (62 bytes).
    Removing stm32f10x_tim.o(i.TIM_TimeBaseStructInit), (18 bytes).
    Removing stm32f10x_tim.o(i.TIM_UpdateDisableConfig), (24 bytes).
    Removing stm32f10x_tim.o(i.TIM_UpdateRequestConfig), (24 bytes).
    Removing stm32f10x_usart.o(i.USART_ClearFlag), (18 bytes).
    Removing stm32f10x_usart.o(i.USART_ClockInit), (34 bytes).
    Removing stm32f10x_usart.o(i.USART_ClockStructInit), (12 bytes).
    Removing stm32f10x_usart.o(i.USART_DeInit), (156 bytes).
    Removing stm32f10x_usart.o(i.USART_GetFlagStatus), (26 bytes).
    Removing stm32f10x_usart.o(i.USART_HalfDuplexCmd), (24 bytes).
    Removing stm32f10x_usart.o(i.USART_ITConfig), (74 bytes).
    Removing stm32f10x_usart.o(i.USART_IrDACmd), (24 bytes).
    Removing stm32f10x_usart.o(i.USART_IrDAConfig), (18 bytes).
    Removing stm32f10x_usart.o(i.USART_LINBreakDetectLengthConfig), (18 bytes).
    Removing stm32f10x_usart.o(i.USART_LINCmd), (24 bytes).
    Removing stm32f10x_usart.o(i.USART_OneBitMethodCmd), (24 bytes).
    Removing stm32f10x_usart.o(i.USART_OverSampling8Cmd), (22 bytes).
    Removing stm32f10x_usart.o(i.USART_ReceiveData), (10 bytes).
    Removing stm32f10x_usart.o(i.USART_ReceiverWakeUpCmd), (24 bytes).
    Removing stm32f10x_usart.o(i.USART_SendBreak), (10 bytes).
    Removing stm32f10x_usart.o(i.USART_SendData), (8 bytes).
    Removing stm32f10x_usart.o(i.USART_SetAddress), (18 bytes).
    Removing stm32f10x_usart.o(i.USART_SetGuardTime), (16 bytes).
    Removing stm32f10x_usart.o(i.USART_SetPrescaler), (16 bytes).
    Removing stm32f10x_usart.o(i.USART_SmartCardCmd), (24 bytes).
    Removing stm32f10x_usart.o(i.USART_SmartCardNACKCmd), (24 bytes).
    Removing stm32f10x_usart.o(i.USART_StructInit), (24 bytes).
    Removing stm32f10x_usart.o(i.USART_WakeUpConfig), (18 bytes).
    Removing stm32f10x_wwdg.o(i.WWDG_ClearFlag), (12 bytes).
    Removing stm32f10x_wwdg.o(i.WWDG_DeInit), (22 bytes).
    Removing stm32f10x_wwdg.o(i.WWDG_Enable), (16 bytes).
    Removing stm32f10x_wwdg.o(i.WWDG_EnableIT), (12 bytes).
    Removing stm32f10x_wwdg.o(i.WWDG_GetFlagStatus), (12 bytes).
    Removing stm32f10x_wwdg.o(i.WWDG_SetCounter), (16 bytes).
    Removing stm32f10x_wwdg.o(i.WWDG_SetPrescaler), (24 bytes).
    Removing stm32f10x_wwdg.o(i.WWDG_SetWindowValue), (40 bytes).

439 unused section(s) (total 17374 bytes) removed from the image.

==============================================================================

Image Symbol Table

    Local Symbols

    Symbol Name                              Value     Ov Type        Size  Object(Section)

    ../clib/angel/boardlib.s                 0x00000000   Number         0  boardinit3.o ABSOLUTE
    ../clib/angel/boardlib.s                 0x00000000   Number         0  boardinit2.o ABSOLUTE
    ../clib/angel/boardlib.s                 0x00000000   Number         0  boardinit1.o ABSOLUTE
    ../clib/angel/boardlib.s                 0x00000000   Number         0  boardshut.o ABSOLUTE
    ../clib/angel/handlers.s                 0x00000000   Number         0  __scatter_copy.o ABSOLUTE
    ../clib/angel/handlers.s                 0x00000000   Number         0  __scatter_zi.o ABSOLUTE
    ../clib/angel/kernel.s                   0x00000000   Number         0  __rtentry4.o ABSOLUTE
    ../clib/angel/kernel.s                   0x00000000   Number         0  __rtentry2.o ABSOLUTE
    ../clib/angel/kernel.s                   0x00000000   Number         0  __rtentry.o ABSOLUTE
    ../clib/angel/kernel.s                   0x00000000   Number         0  rtexit2.o ABSOLUTE
    ../clib/angel/kernel.s                   0x00000000   Number         0  rtexit.o ABSOLUTE
    ../clib/angel/rt.s                       0x00000000   Number         0  rt_raise.o ABSOLUTE
    ../clib/angel/scatter.s                  0x00000000   Number         0  __scatter.o ABSOLUTE
    ../clib/angel/startup.s                  0x00000000   Number         0  __main.o ABSOLUTE
    ../clib/angel/sys.s                      0x00000000   Number         0  use_no_semi.o ABSOLUTE
    ../clib/angel/sys.s                      0x00000000   Number         0  libspace.o ABSOLUTE
    ../clib/angel/sys.s                      0x00000000   Number         0  sys_stackheap_outer.o ABSOLUTE
    ../clib/angel/sys.s                      0x00000000   Number         0  indicate_semi.o ABSOLUTE
    ../clib/angel/sysapp.c                   0x00000000   Number         0  sys_wrch.o ABSOLUTE
    ../clib/angel/sysapp.c                   0x00000000   Number         0  sys_exit.o ABSOLUTE
    ../clib/angel/sysapp.c                   0x00000000   Number         0  sys_command.o ABSOLUTE
    ../clib/armsys.c                         0x00000000   Number         0  argv_veneer.o ABSOLUTE
    ../clib/armsys.c                         0x00000000   Number         0  no_argv.o ABSOLUTE
    ../clib/armsys.c                         0x00000000   Number         0  argv_veneer.o ABSOLUTE
    ../clib/armsys.c                         0x00000000   Number         0  _get_argv_nomalloc.o ABSOLUTE
    ../clib/heapalloc.c                      0x00000000   Number         0  hrguard.o ABSOLUTE
    ../clib/heapaux.c                        0x00000000   Number         0  heapauxi.o ABSOLUTE
    ../clib/libinit.s                        0x00000000   Number         0  libinit2.o ABSOLUTE
    ../clib/libinit.s                        0x00000000   Number         0  libinit.o ABSOLUTE
    ../clib/libinit.s                        0x00000000   Number         0  libshutdown.o ABSOLUTE
    ../clib/libinit.s                        0x00000000   Number         0  libshutdown2.o ABSOLUTE
    ../clib/memcpset.s                       0x00000000   Number         0  rt_memcpy_v6.o ABSOLUTE
    ../clib/memcpset.s                       0x00000000   Number         0  rt_memcpy_w.o ABSOLUTE
    ../clib/signal.c                         0x00000000   Number         0  defsig_stak_inner.o ABSOLUTE
    ../clib/signal.c                         0x00000000   Number         0  defsig_pvfn_inner.o ABSOLUTE
    ../clib/signal.c                         0x00000000   Number         0  defsig_cppl_inner.o ABSOLUTE
    ../clib/signal.c                         0x00000000   Number         0  defsig_other.o ABSOLUTE
    ../clib/signal.c                         0x00000000   Number         0  defsig_segv_inner.o ABSOLUTE
    ../clib/signal.c                         0x00000000   Number         0  defsig_rtmem_inner.o ABSOLUTE
    ../clib/signal.c                         0x00000000   Number         0  defsig_exit.o ABSOLUTE
    ../clib/signal.c                         0x00000000   Number         0  defsig_rtmem_formal.o ABSOLUTE
    ../clib/signal.c                         0x00000000   Number         0  defsig_rtmem_outer.o ABSOLUTE
    ../clib/signal.c                         0x00000000   Number         0  __raise.o ABSOLUTE
    ../clib/signal.c                         0x00000000   Number         0  defsig_general.o ABSOLUTE
    ../clib/signal.c                         0x00000000   Number         0  defsig_abrt_inner.o ABSOLUTE
    ../clib/signal.c                         0x00000000   Number         0  defsig_fpe_inner.o ABSOLUTE
    ../clib/signal.c                         0x00000000   Number         0  defsig_rtred_inner.o ABSOLUTE
    ../clib/signal.s                         0x00000000   Number         0  defsig.o ABSOLUTE
    ../clib/stdlib.c                         0x00000000   Number         0  exit.o ABSOLUTE
    ../fplib/d2f.s                           0x00000000   Number         0  d2f.o ABSOLUTE
    ../fplib/daddsub.s                       0x00000000   Number         0  daddsub_clz.o ABSOLUTE
    ../fplib/dcmpi.s                         0x00000000   Number         0  dcmpi.o ABSOLUTE
    ../fplib/ddiv.s                          0x00000000   Number         0  ddiv.o ABSOLUTE
    ../fplib/dfixu.s                         0x00000000   Number         0  dfixu.o ABSOLUTE
    ../fplib/dflt.s                          0x00000000   Number         0  dflt_clz.o ABSOLUTE
    ../fplib/dleqf.s                         0x00000000   Number         0  dleqf.o ABSOLUTE
    ../fplib/dmul.s                          0x00000000   Number         0  dmul.o ABSOLUTE
    ../fplib/dnaninf.s                       0x00000000   Number         0  dnaninf.o ABSOLUTE
    ../fplib/dretinf.s                       0x00000000   Number         0  dretinf.o ABSOLUTE
    ../fplib/drleqf.s                        0x00000000   Number         0  drleqf.o ABSOLUTE
    ../fplib/f2d.s                           0x00000000   Number         0  f2d.o ABSOLUTE
    ../fplib/faddsub.s                       0x00000000   Number         0  faddsub_clz.o ABSOLUTE
    ../fplib/fcmpi.s                         0x00000000   Number         0  fcmpi.o ABSOLUTE
    ../fplib/feqf.s                          0x00000000   Number         0  feqf.o ABSOLUTE
    ../fplib/ffixu.s                         0x00000000   Number         0  ffixu.o ABSOLUTE
    ../fplib/fflt.s                          0x00000000   Number         0  fflt_clz.o ABSOLUTE
    ../fplib/fleqf.s                         0x00000000   Number         0  fleqf.o ABSOLUTE
    ../fplib/fmul.s                          0x00000000   Number         0  fmul.o ABSOLUTE
    ../fplib/fnaninf.s                       0x00000000   Number         0  fnaninf.o ABSOLUTE
    ../fplib/fpinit.s                        0x00000000   Number         0  fpinit.o ABSOLUTE
    ../fplib/fretinf.s                       0x00000000   Number         0  fretinf.o ABSOLUTE
    ../fplib/frleqf.s                        0x00000000   Number         0  frleqf.o ABSOLUTE
    ../fplib/usenofp.s                       0x00000000   Number         0  usenofp.o ABSOLUTE
    ..\CORE\core_cm3.c                       0x00000000   Number         0  core_cm3.o ABSOLUTE
    ..\CORE\startup_stm32f10x_hd.s           0x00000000   Number         0  startup_stm32f10x_hd.o ABSOLUTE
    ..\FWLib\src\misc.c                      0x00000000   Number         0  misc.o ABSOLUTE
    ..\FWLib\src\stm32f10x_adc.c             0x00000000   Number         0  stm32f10x_adc.o ABSOLUTE
    ..\FWLib\src\stm32f10x_bkp.c             0x00000000   Number         0  stm32f10x_bkp.o ABSOLUTE
    ..\FWLib\src\stm32f10x_can.c             0x00000000   Number         0  stm32f10x_can.o ABSOLUTE
    ..\FWLib\src\stm32f10x_cec.c             0x00000000   Number         0  stm32f10x_cec.o ABSOLUTE
    ..\FWLib\src\stm32f10x_crc.c             0x00000000   Number         0  stm32f10x_crc.o ABSOLUTE
    ..\FWLib\src\stm32f10x_dac.c             0x00000000   Number         0  stm32f10x_dac.o ABSOLUTE
    ..\FWLib\src\stm32f10x_dbgmcu.c          0x00000000   Number         0  stm32f10x_dbgmcu.o ABSOLUTE
    ..\FWLib\src\stm32f10x_dma.c             0x00000000   Number         0  stm32f10x_dma.o ABSOLUTE
    ..\FWLib\src\stm32f10x_exti.c            0x00000000   Number         0  stm32f10x_exti.o ABSOLUTE
    ..\FWLib\src\stm32f10x_flash.c           0x00000000   Number         0  stm32f10x_flash.o ABSOLUTE
    ..\FWLib\src\stm32f10x_fsmc.c            0x00000000   Number         0  stm32f10x_fsmc.o ABSOLUTE
    ..\FWLib\src\stm32f10x_gpio.c            0x00000000   Number         0  stm32f10x_gpio.o ABSOLUTE
    ..\FWLib\src\stm32f10x_i2c.c             0x00000000   Number         0  stm32f10x_i2c.o ABSOLUTE
    ..\FWLib\src\stm32f10x_iwdg.c            0x00000000   Number         0  stm32f10x_iwdg.o ABSOLUTE
    ..\FWLib\src\stm32f10x_pwr.c             0x00000000   Number         0  stm32f10x_pwr.o ABSOLUTE
    ..\FWLib\src\stm32f10x_rcc.c             0x00000000   Number         0  stm32f10x_rcc.o ABSOLUTE
    ..\FWLib\src\stm32f10x_rtc.c             0x00000000   Number         0  stm32f10x_rtc.o ABSOLUTE
    ..\FWLib\src\stm32f10x_sdio.c            0x00000000   Number         0  stm32f10x_sdio.o ABSOLUTE
    ..\FWLib\src\stm32f10x_spi.c             0x00000000   Number         0  stm32f10x_spi.o ABSOLUTE
    ..\FWLib\src\stm32f10x_tim.c             0x00000000   Number         0  stm32f10x_tim.o ABSOLUTE
    ..\FWLib\src\stm32f10x_usart.c           0x00000000   Number         0  stm32f10x_usart.o ABSOLUTE
    ..\FWLib\src\stm32f10x_wwdg.c            0x00000000   Number         0  stm32f10x_wwdg.o ABSOLUTE
    ..\\CORE\\core_cm3.c                     0x00000000   Number         0  core_cm3.o ABSOLUTE
    ADC.c                                    0x00000000   Number         0  adc.o ABSOLUTE
    Ctrl_RUDDER.c                            0x00000000   Number         0  ctrl_rudder.o ABSOLUTE
    DMA.c                                    0x00000000   Number         0  dma.o ABSOLUTE
    Delay_ms.c                               0x00000000   Number         0  delay_ms.o ABSOLUTE
    Init_LED.c                               0x00000000   Number         0  init_led.o ABSOLUTE
    Init_PWM.c                               0x00000000   Number         0  init_pwm.o ABSOLUTE
    Init_TIMER.c                             0x00000000   Number         0  init_timer.o ABSOLUTE
    Init_USART.c                             0x00000000   Number         0  init_usart.o ABSOLUTE
    dc.s                                     0x00000000   Number         0  dc.o ABSOLUTE
    main.c                                   0x00000000   Number         0  main.o ABSOLUTE
    pid.c                                    0x00000000   Number         0  pid.o ABSOLUTE
    stm32f10x_it.c                           0x00000000   Number         0  stm32f10x_it.o ABSOLUTE
    system_stm32f10x.c                       0x00000000   Number         0  system_stm32f10x.o ABSOLUTE
    RESET                                    0x08000000   Section      304  startup_stm32f10x_hd.o(RESET)
    !!!main                                  0x08000130   Section        8  __main.o(!!!main)
    !!!scatter                               0x08000138   Section       52  __scatter.o(!!!scatter)
    !!handler_copy                           0x0800016c   Section       26  __scatter_copy.o(!!handler_copy)
    !!handler_zi                             0x08000188   Section       28  __scatter_zi.o(!!handler_zi)
    .ARM.Collect$$libinit$$00000000          0x080001a4   Section        2  libinit.o(.ARM.Collect$$libinit$$00000000)
    .ARM.Collect$$libinit$$00000002          0x080001a6   Section        0  libinit2.o(.ARM.Collect$$libinit$$00000002)
    .ARM.Collect$$libinit$$00000004          0x080001a6   Section        0  libinit2.o(.ARM.Collect$$libinit$$00000004)
    .ARM.Collect$$libinit$$0000000A          0x080001a6   Section        0  libinit2.o(.ARM.Collect$$libinit$$0000000A)
    .ARM.Collect$$libinit$$0000000C          0x080001a6   Section        0  libinit2.o(.ARM.Collect$$libinit$$0000000C)
    .ARM.Collect$$libinit$$0000000E          0x080001a6   Section        0  libinit2.o(.ARM.Collect$$libinit$$0000000E)
    .ARM.Collect$$libinit$$00000011          0x080001a6   Section        0  libinit2.o(.ARM.Collect$$libinit$$00000011)
    .ARM.Collect$$libinit$$00000013          0x080001a6   Section        0  libinit2.o(.ARM.Collect$$libinit$$00000013)
    .ARM.Collect$$libinit$$00000015          0x080001a6   Section        0  libinit2.o(.ARM.Collect$$libinit$$00000015)
    .ARM.Collect$$libinit$$00000017          0x080001a6   Section        0  libinit2.o(.ARM.Collect$$libinit$$00000017)
    .ARM.Collect$$libinit$$00000019          0x080001a6   Section        0  libinit2.o(.ARM.Collect$$libinit$$00000019)
    .ARM.Collect$$libinit$$0000001B          0x080001a6   Section        0  libinit2.o(.ARM.Collect$$libinit$$0000001B)
    .ARM.Collect$$libinit$$0000001D          0x080001a6   Section        0  libinit2.o(.ARM.Collect$$libinit$$0000001D)
    .ARM.Collect$$libinit$$0000001F          0x080001a6   Section        0  libinit2.o(.ARM.Collect$$libinit$$0000001F)
    .ARM.Collect$$libinit$$00000021          0x080001a6   Section        0  libinit2.o(.ARM.Collect$$libinit$$00000021)
    .ARM.Collect$$libinit$$00000023          0x080001a6   Section        0  libinit2.o(.ARM.Collect$$libinit$$00000023)
    .ARM.Collect$$libinit$$00000025          0x080001a6   Section        0  libinit2.o(.ARM.Collect$$libinit$$00000025)
    .ARM.Collect$$libinit$$0000002C          0x080001a6   Section        0  libinit2.o(.ARM.Collect$$libinit$$0000002C)
    .ARM.Collect$$libinit$$0000002E          0x080001a6   Section        0  libinit2.o(.ARM.Collect$$libinit$$0000002E)
    .ARM.Collect$$libinit$$00000030          0x080001a6   Section        0  libinit2.o(.ARM.Collect$$libinit$$00000030)
    .ARM.Collect$$libinit$$00000032          0x080001a6   Section        0  libinit2.o(.ARM.Collect$$libinit$$00000032)
    .ARM.Collect$$libinit$$00000033          0x080001a6   Section        2  libinit2.o(.ARM.Collect$$libinit$$00000033)
    .ARM.Collect$$libshutdown$$00000000      0x080001a8   Section        2  libshutdown.o(.ARM.Collect$$libshutdown$$00000000)
    .ARM.Collect$$libshutdown$$00000002      0x080001aa   Section        0  libshutdown2.o(.ARM.Collect$$libshutdown$$00000002)
    .ARM.Collect$$libshutdown$$00000004      0x080001aa   Section        0  libshutdown2.o(.ARM.Collect$$libshutdown$$00000004)
    .ARM.Collect$$libshutdown$$00000007      0x080001aa   Section        0  libshutdown2.o(.ARM.Collect$$libshutdown$$00000007)
    .ARM.Collect$$libshutdown$$0000000A      0x080001aa   Section        0  libshutdown2.o(.ARM.Collect$$libshutdown$$0000000A)
    .ARM.Collect$$libshutdown$$0000000C      0x080001aa   Section        0  libshutdown2.o(.ARM.Collect$$libshutdown$$0000000C)
    .ARM.Collect$$libshutdown$$0000000F      0x080001aa   Section        0  libshutdown2.o(.ARM.Collect$$libshutdown$$0000000F)
    .ARM.Collect$$libshutdown$$00000010      0x080001aa   Section        2  libshutdown2.o(.ARM.Collect$$libshutdown$$00000010)
    .ARM.Collect$$rtentry$$00000000          0x080001ac   Section        0  __rtentry.o(.ARM.Collect$$rtentry$$00000000)
    .ARM.Collect$$rtentry$$00000002          0x080001ac   Section        0  __rtentry2.o(.ARM.Collect$$rtentry$$00000002)
    .ARM.Collect$$rtentry$$00000004          0x080001ac   Section        6  __rtentry4.o(.ARM.Collect$$rtentry$$00000004)
    .ARM.Collect$$rtentry$$00000009          0x080001b2   Section        0  __rtentry2.o(.ARM.Collect$$rtentry$$00000009)
    .ARM.Collect$$rtentry$$0000000A          0x080001b2   Section        4  __rtentry2.o(.ARM.Collect$$rtentry$$0000000A)
    .ARM.Collect$$rtentry$$0000000C          0x080001b6   Section        0  __rtentry2.o(.ARM.Collect$$rtentry$$0000000C)
    .ARM.Collect$$rtentry$$0000000D          0x080001b6   Section        8  __rtentry2.o(.ARM.Collect$$rtentry$$0000000D)
    .ARM.Collect$$rtexit$$00000000           0x080001be   Section        2  rtexit.o(.ARM.Collect$$rtexit$$00000000)
    .ARM.Collect$$rtexit$$00000002           0x080001c0   Section        0  rtexit2.o(.ARM.Collect$$rtexit$$00000002)
    .ARM.Collect$$rtexit$$00000003           0x080001c0   Section        4  rtexit2.o(.ARM.Collect$$rtexit$$00000003)
    .ARM.Collect$$rtexit$$00000004           0x080001c4   Section        6  rtexit2.o(.ARM.Collect$$rtexit$$00000004)
    .text                                    0x080001cc   Section       64  startup_stm32f10x_hd.o(.text)
    .text                                    0x0800020c   Section      138  rt_memcpy_v6.o(.text)
    .text                                    0x08000296   Section        0  heapauxi.o(.text)
    .text                                    0x0800029c   Section      100  rt_memcpy_w.o(.text)
    .text                                    0x08000300   Section       74  sys_stackheap_outer.o(.text)
    .text                                    0x0800034a   Section        0  exit.o(.text)
    .text                                    0x0800035c   Section        8  libspace.o(.text)
    .text                                    0x08000364   Section        0  sys_exit.o(.text)
    .text                                    0x08000370   Section        2  use_no_semi.o(.text)
    .text                                    0x08000372   Section        0  indicate_semi.o(.text)
    i.ADC1_2_IRQHandler                      0x08000374   Section        0  adc.o(i.ADC1_2_IRQHandler)
    i.ADC_ClearITPendingBit                  0x080003b0   Section        0  stm32f10x_adc.o(i.ADC_ClearITPendingBit)
    i.ADC_GetConversionValue                 0x080003ba   Section        0  stm32f10x_adc.o(i.ADC_GetConversionValue)
    i.ADC_SoftwareStartConvCmd               0x080003c2   Section        0  stm32f10x_adc.o(i.ADC_SoftwareStartConvCmd)
    i.BusFault_Handler                       0x080003d8   Section        0  stm32f10x_it.o(i.BusFault_Handler)
    i.Ctrl_RUDDER                            0x080003dc   Section        0  ctrl_rudder.o(i.Ctrl_RUDDER)
    i.DMA1_Channel2_IRQHandler               0x080010fc   Section        0  init_usart.o(i.DMA1_Channel2_IRQHandler)
    i.DMA_ClearFlag                          0x0800114c   Section        0  stm32f10x_dma.o(i.DMA_ClearFlag)
    i.DMA_ClearITPendingBit                  0x08001168   Section        0  stm32f10x_dma.o(i.DMA_ClearITPendingBit)
    i.DMA_Cmd                                0x08001184   Section        0  stm32f10x_dma.o(i.DMA_Cmd)
    i.DMA_DeInit                             0x0800119c   Section        0  stm32f10x_dma.o(i.DMA_DeInit)
    i.DMA_GetFlagStatus                      0x080012e8   Section        0  stm32f10x_dma.o(i.DMA_GetFlagStatus)
    i.DMA_GetITStatus                        0x08001314   Section        0  stm32f10x_dma.o(i.DMA_GetITStatus)
    i.DMA_Init                               0x08001340   Section        0  stm32f10x_dma.o(i.DMA_Init)
    i.DMA_SetCurrDataCounter                 0x0800137c   Section        0  stm32f10x_dma.o(i.DMA_SetCurrDataCounter)
    i.DebugMon_Handler                       0x08001380   Section        0  stm32f10x_it.o(i.DebugMon_Handler)
    i.GPIO_Init                              0x08001382   Section        0  stm32f10x_gpio.o(i.GPIO_Init)
    i.GPIO_PinRemapConfig                    0x08001498   Section        0  stm32f10x_gpio.o(i.GPIO_PinRemapConfig)
    i.GPIO_ResetBits                         0x08001528   Section        0  stm32f10x_gpio.o(i.GPIO_ResetBits)
    i.GPIO_SetBits                           0x0800152c   Section        0  stm32f10x_gpio.o(i.GPIO_SetBits)
    i.HardFault_Handler                      0x08001530   Section        0  stm32f10x_it.o(i.HardFault_Handler)
    i.Init_LED                               0x08001534   Section        0  init_led.o(i.Init_LED)
    i.Init_PWM                               0x08001560   Section        0  init_pwm.o(i.Init_PWM)
    i.Init_TIMER2                            0x0800176c   Section        0  init_timer.o(i.Init_TIMER2)
    i.Init_USART2                            0x080017dc   Section        0  init_usart.o(i.Init_USART2)
    i.MYDMA_Config                           0x08001868   Section        0  dma.o(i.MYDMA_Config)
    i.MYDMA_Enable                           0x080018c4   Section        0  dma.o(i.MYDMA_Enable)
    i.MemManage_Handler                      0x080018e8   Section        0  stm32f10x_it.o(i.MemManage_Handler)
    i.MotorPidCtl                            0x080018ec   Section        0  pid.o(i.MotorPidCtl)
    i.NMI_Handler                            0x080019d0   Section        0  stm32f10x_it.o(i.NMI_Handler)
    i.NVIC_Init                              0x080019d4   Section        0  misc.o(i.NVIC_Init)
    i.NVIC_PriorityGroupConfig               0x08001a44   Section        0  misc.o(i.NVIC_PriorityGroupConfig)
    i.NvicConfig                             0x08001a58   Section        0  main.o(i.NvicConfig)
    i.PendSV_Handler                         0x08001a78   Section        0  stm32f10x_it.o(i.PendSV_Handler)
    i.PulseRccConfig                         0x08001a7a   Section        0  main.o(i.PulseRccConfig)
    i.PulseTimConfig                         0x08001a90   Section        0  main.o(i.PulseTimConfig)
    i.RCC_AHBPeriphClockCmd                  0x08001ad8   Section        0  stm32f10x_rcc.o(i.RCC_AHBPeriphClockCmd)
    i.RCC_APB1PeriphClockCmd                 0x08001af8   Section        0  stm32f10x_rcc.o(i.RCC_APB1PeriphClockCmd)
    i.RCC_APB1PeriphResetCmd                 0x08001b18   Section        0  stm32f10x_rcc.o(i.RCC_APB1PeriphResetCmd)
    i.RCC_APB2PeriphClockCmd                 0x08001b38   Section        0  stm32f10x_rcc.o(i.RCC_APB2PeriphClockCmd)
    i.RCC_APB2PeriphResetCmd                 0x08001b58   Section        0  stm32f10x_rcc.o(i.RCC_APB2PeriphResetCmd)
    i.RCC_GetClocksFreq                      0x08001b78   Section        0  stm32f10x_rcc.o(i.RCC_GetClocksFreq)
    i.SVC_Handler                            0x08001c4c   Section        0  stm32f10x_it.o(i.SVC_Handler)
    i.SetSysClock                            0x08001c4e   Section        0  system_stm32f10x.o(i.SetSysClock)
    SetSysClock                              0x08001c4f   Thumb Code     8  system_stm32f10x.o(i.SetSysClock)
    i.SetSysClockTo72                        0x08001c58   Section        0  system_stm32f10x.o(i.SetSysClockTo72)
    SetSysClockTo72                          0x08001c59   Thumb Code   214  system_stm32f10x.o(i.SetSysClockTo72)
    i.SysTick_Handler                        0x08001d38   Section        0  stm32f10x_it.o(i.SysTick_Handler)
    i.SystemInit                             0x08001d3c   Section        0  system_stm32f10x.o(i.SystemInit)
    i.TIM1_UP_IRQHandler                     0x08001d9c   Section        0  main.o(i.TIM1_UP_IRQHandler)
    i.TIM2_IRQHandler                        0x08001ebc   Section        0  init_timer.o(i.TIM2_IRQHandler)
    i.TIM_ClearFlag                          0x08001fd8   Section        0  stm32f10x_tim.o(i.TIM_ClearFlag)
    i.TIM_ClearITPendingBit                  0x08001fde   Section        0  stm32f10x_tim.o(i.TIM_ClearITPendingBit)
    i.TIM_Cmd                                0x08001fe4   Section        0  stm32f10x_tim.o(i.TIM_Cmd)
    i.TIM_DeInit                             0x08001ffc   Section        0  stm32f10x_tim.o(i.TIM_DeInit)
    i.TIM_ETRClockMode2Config                0x080021e4   Section        0  stm32f10x_tim.o(i.TIM_ETRClockMode2Config)
    i.TIM_ETRConfig                          0x08002204   Section        0  stm32f10x_tim.o(i.TIM_ETRConfig)
    i.TIM_GetITStatus                        0x08002220   Section        0  stm32f10x_tim.o(i.TIM_GetITStatus)
    i.TIM_ITConfig                           0x08002242   Section        0  stm32f10x_tim.o(i.TIM_ITConfig)
    i.TIM_OC1Init                            0x08002254   Section        0  stm32f10x_tim.o(i.TIM_OC1Init)
    i.TIM_OC2Init                            0x080022ec   Section        0  stm32f10x_tim.o(i.TIM_OC2Init)
    i.TIM_OC3Init                            0x08002390   Section        0  stm32f10x_tim.o(i.TIM_OC3Init)
    i.TIM_OC4Init                            0x08002430   Section        0  stm32f10x_tim.o(i.TIM_OC4Init)
    i.TIM_SetCompare1                        0x080024ac   Section        0  stm32f10x_tim.o(i.TIM_SetCompare1)
    i.TIM_SetCompare2                        0x080024b0   Section        0  stm32f10x_tim.o(i.TIM_SetCompare2)
    i.TIM_SetCompare3                        0x080024b4   Section        0  stm32f10x_tim.o(i.TIM_SetCompare3)
    i.TIM_SetCompare4                        0x080024b8   Section        0  stm32f10x_tim.o(i.TIM_SetCompare4)
    i.TIM_SetCounter                         0x080024be   Section        0  stm32f10x_tim.o(i.TIM_SetCounter)
    i.TIM_TimeBaseInit                       0x080024c4   Section        0  stm32f10x_tim.o(i.TIM_TimeBaseInit)
    i.Tim1Init                               0x08002568   Section        0  main.o(i.Tim1Init)
    i.USART1_IRQHandler                      0x080025b8   Section        0  init_usart.o(i.USART1_IRQHandler)
    i.USART_ClearITPendingBit                0x08002624   Section        0  stm32f10x_usart.o(i.USART_ClearITPendingBit)
    i.USART_Cmd                              0x08002642   Section        0  stm32f10x_usart.o(i.USART_Cmd)
    i.USART_DMACmd                           0x0800265a   Section        0  stm32f10x_usart.o(i.USART_DMACmd)
    i.USART_GetITStatus                      0x0800266c   Section        0  stm32f10x_usart.o(i.USART_GetITStatus)
    i.USART_Init                             0x080026c0   Section        0  stm32f10x_usart.o(i.USART_Init)
    i.UsageFault_Handler                     0x08002798   Section        0  stm32f10x_it.o(i.UsageFault_Handler)
    i.main                                   0x0800279c   Section        0  main.o(i.main)
    x$fpl$d2f                                0x08002ad4   Section       98  d2f.o(x$fpl$d2f)
    x$fpl$dadd                               0x08002b38   Section      336  daddsub_clz.o(x$fpl$dadd)
    _dadd1                                   0x08002b49   Thumb Code     0  daddsub_clz.o(x$fpl$dadd)
    x$fpl$dcmpinf                            0x08002c88   Section       24  dcmpi.o(x$fpl$dcmpinf)
    x$fpl$ddiv                               0x08002ca0   Section      688  ddiv.o(x$fpl$ddiv)
    ddiv_entry                               0x08002ca7   Thumb Code     0  ddiv.o(x$fpl$ddiv)
    x$fpl$dfixu                              0x08002f50   Section       90  dfixu.o(x$fpl$dfixu)
    x$fpl$dflt                               0x08002faa   Section       46  dflt_clz.o(x$fpl$dflt)
    x$fpl$dleqf                              0x08002fd8   Section      120  dleqf.o(x$fpl$dleqf)
    x$fpl$dmul                               0x08003050   Section      340  dmul.o(x$fpl$dmul)
    x$fpl$dnaninf                            0x080031a4   Section      156  dnaninf.o(x$fpl$dnaninf)
    x$fpl$dretinf                            0x08003240   Section       12  dretinf.o(x$fpl$dretinf)
    x$fpl$drleqf                             0x0800324c   Section      108  drleqf.o(x$fpl$drleqf)
    x$fpl$dsub                               0x080032b8   Section      468  daddsub_clz.o(x$fpl$dsub)
    _dsub1                                   0x080032c9   Thumb Code     0  daddsub_clz.o(x$fpl$dsub)
    x$fpl$f2d                                0x0800348c   Section       86  f2d.o(x$fpl$f2d)
    x$fpl$fadd                               0x080034e4   Section      196  faddsub_clz.o(x$fpl$fadd)
    _fadd1                                   0x080034f3   Thumb Code     0  faddsub_clz.o(x$fpl$fadd)
    x$fpl$fcmpinf                            0x080035a8   Section       24  fcmpi.o(x$fpl$fcmpinf)
    x$fpl$feqf                               0x080035c0   Section      104  feqf.o(x$fpl$feqf)
    x$fpl$ffixu                              0x08003628   Section       62  ffixu.o(x$fpl$ffixu)
    x$fpl$fflt                               0x08003668   Section       48  fflt_clz.o(x$fpl$fflt)
    x$fpl$fleqf                              0x08003698   Section      104  fleqf.o(x$fpl$fleqf)
    x$fpl$fmul                               0x08003700   Section      258  fmul.o(x$fpl$fmul)
    x$fpl$fnaninf                            0x08003802   Section      140  fnaninf.o(x$fpl$fnaninf)
    x$fpl$fretinf                            0x0800388e   Section       10  fretinf.o(x$fpl$fretinf)
    x$fpl$frleqf                             0x08003898   Section       98  frleqf.o(x$fpl$frleqf)
    x$fpl$frsb                               0x080038fa   Section       20  faddsub_clz.o(x$fpl$frsb)
    x$fpl$fsub                               0x08003910   Section      234  faddsub_clz.o(x$fpl$fsub)
    _fsub1                                   0x0800391f   Thumb Code     0  faddsub_clz.o(x$fpl$fsub)
    x$fpl$usenofp                            0x080039fa   Section        0  usenofp.o(x$fpl$usenofp)
    .data                                    0x20000000   Section       28  init_pwm.o(.data)
    .data                                    0x2000001c   Section      124  init_usart.o(.data)
    .data                                    0x20000098   Section       64  main.o(.data)
    .data                                    0x200000d8   Section        2  dma.o(.data)
    .data                                    0x200000da   Section        1  adc.o(.data)
    .data                                    0x200000dc   Section       36  pid.o(.data)
    .data                                    0x20000100   Section       20  stm32f10x_rcc.o(.data)
    APBAHBPrescTable                         0x20000100   Data          16  stm32f10x_rcc.o(.data)
    ADCPrescTable                            0x20000110   Data           4  stm32f10x_rcc.o(.data)
    .bss                                     0x20000114   Section       84  init_usart.o(.bss)
    .bss                                     0x20000168   Section       96  libspace.o(.bss)
    HEAP                                     0x200001c8   Section      512  startup_stm32f10x_hd.o(HEAP)
    Heap_Mem                                 0x200001c8   Data         512  startup_stm32f10x_hd.o(HEAP)
    STACK                                    0x200003c8   Section     1024  startup_stm32f10x_hd.o(STACK)
    Stack_Mem                                0x200003c8   Data        1024  startup_stm32f10x_hd.o(STACK)
    __initial_sp                             0x200007c8   Data           0  startup_stm32f10x_hd.o(STACK)

    Global Symbols

    Symbol Name                              Value     Ov Type        Size  Object(Section)

    BuildAttributes$$THM_ISAv4$P$D$K$B$S$PE$A:L22UL41UL21$X:L11$S22US41US21$IEEE1$IW$USESV6$~STKCKD$USESV7$~SHL$OSPACE$ROPI$EBA8$UX$STANDARDLIB$REQ8$PRES8$EABIv2 0x00000000   Number         0  anon$$obj.o ABSOLUTE
    __ARM_use_no_argv                        0x00000000   Number         0  main.o ABSOLUTE
    __ARM_exceptions_init                     - Undefined Weak Reference
    __alloca_initialize                       - Undefined Weak Reference
    __arm_preinit_                            - Undefined Weak Reference
    __cpp_initialize__aeabi_                  - Undefined Weak Reference
    __cxa_finalize                            - Undefined Weak Reference
    __rt_locale                               - Undefined Weak Reference
    __sigvec_lookup                           - Undefined Weak Reference
    _atexit_init                              - Undefined Weak Reference
    _call_atexit_fns                          - Undefined Weak Reference
    _clock_init                               - Undefined Weak Reference
    _fp_trap_init                             - Undefined Weak Reference
    _fp_trap_shutdown                         - Undefined Weak Reference
    _get_lc_collate                           - Undefined Weak Reference
    _get_lc_ctype                             - Undefined Weak Reference
    _get_lc_monetary                          - Undefined Weak Reference
    _get_lc_numeric                           - Undefined Weak Reference
    _get_lc_time                              - Undefined Weak Reference
    _getenv_init                              - Undefined Weak Reference
    _handle_redirection                       - Undefined Weak Reference
    _init_alloc                               - Undefined Weak Reference
    _init_user_alloc                          - Undefined Weak Reference
    _initio                                   - Undefined Weak Reference
    _rand_init                                - Undefined Weak Reference
    _signal_finish                            - Undefined Weak Reference
    _signal_init                              - Undefined Weak Reference
    _terminate_alloc                          - Undefined Weak Reference
    _terminate_user_alloc                     - Undefined Weak Reference
    _terminateio                              - Undefined Weak Reference
    __Vectors_Size                           0x00000130   Number         0  startup_stm32f10x_hd.o ABSOLUTE
    __Vectors                                0x08000000   Data           4  startup_stm32f10x_hd.o(RESET)
    __Vectors_End                            0x08000130   Data           0  startup_stm32f10x_hd.o(RESET)
    __main                                   0x08000131   Thumb Code     8  __main.o(!!!main)
    __scatterload                            0x08000139   Thumb Code     0  __scatter.o(!!!scatter)
    __scatterload_rt2                        0x08000139   Thumb Code    44  __scatter.o(!!!scatter)
    __scatterload_rt2_thumb_only             0x08000139   Thumb Code     0  __scatter.o(!!!scatter)
    __scatterload_null                       0x08000147   Thumb Code     0  __scatter.o(!!!scatter)
    __scatterload_copy                       0x0800016d   Thumb Code    26  __scatter_copy.o(!!handler_copy)
    __scatterload_zeroinit                   0x08000189   Thumb Code    28  __scatter_zi.o(!!handler_zi)
    __rt_lib_init                            0x080001a5   Thumb Code     0  libinit.o(.ARM.Collect$$libinit$$00000000)
    __rt_lib_init_alloca_1                   0x080001a7   Thumb Code     0  libinit2.o(.ARM.Collect$$libinit$$0000002E)
    __rt_lib_init_argv_1                     0x080001a7   Thumb Code     0  libinit2.o(.ARM.Collect$$libinit$$0000002C)
    __rt_lib_init_atexit_1                   0x080001a7   Thumb Code     0  libinit2.o(.ARM.Collect$$libinit$$0000001B)
    __rt_lib_init_clock_1                    0x080001a7   Thumb Code     0  libinit2.o(.ARM.Collect$$libinit$$00000021)
    __rt_lib_init_cpp_1                      0x080001a7   Thumb Code     0  libinit2.o(.ARM.Collect$$libinit$$00000032)
    __rt_lib_init_exceptions_1               0x080001a7   Thumb Code     0  libinit2.o(.ARM.Collect$$libinit$$00000030)
    __rt_lib_init_fp_1                       0x080001a7   Thumb Code     0  libinit2.o(.ARM.Collect$$libinit$$00000002)
    __rt_lib_init_fp_trap_1                  0x080001a7   Thumb Code     0  libinit2.o(.ARM.Collect$$libinit$$0000001F)
    __rt_lib_init_getenv_1                   0x080001a7   Thumb Code     0  libinit2.o(.ARM.Collect$$libinit$$00000023)
    __rt_lib_init_heap_1                     0x080001a7   Thumb Code     0  libinit2.o(.ARM.Collect$$libinit$$0000000A)
    __rt_lib_init_lc_collate_1               0x080001a7   Thumb Code     0  libinit2.o(.ARM.Collect$$libinit$$00000011)
    __rt_lib_init_lc_ctype_1                 0x080001a7   Thumb Code     0  libinit2.o(.ARM.Collect$$libinit$$00000013)
    __rt_lib_init_lc_monetary_1              0x080001a7   Thumb Code     0  libinit2.o(.ARM.Collect$$libinit$$00000015)
    __rt_lib_init_lc_numeric_1               0x080001a7   Thumb Code     0  libinit2.o(.ARM.Collect$$libinit$$00000017)
    __rt_lib_init_lc_time_1                  0x080001a7   Thumb Code     0  libinit2.o(.ARM.Collect$$libinit$$00000019)
    __rt_lib_init_preinit_1                  0x080001a7   Thumb Code     0  libinit2.o(.ARM.Collect$$libinit$$00000004)
    __rt_lib_init_rand_1                     0x080001a7   Thumb Code     0  libinit2.o(.ARM.Collect$$libinit$$0000000E)
    __rt_lib_init_return                     0x080001a7   Thumb Code     0  libinit2.o(.ARM.Collect$$libinit$$00000033)
    __rt_lib_init_signal_1                   0x080001a7   Thumb Code     0  libinit2.o(.ARM.Collect$$libinit$$0000001D)
    __rt_lib_init_stdio_1                    0x080001a7   Thumb Code     0  libinit2.o(.ARM.Collect$$libinit$$00000025)
    __rt_lib_init_user_alloc_1               0x080001a7   Thumb Code     0  libinit2.o(.ARM.Collect$$libinit$$0000000C)
    __rt_lib_shutdown                        0x080001a9   Thumb Code     0  libshutdown.o(.ARM.Collect$$libshutdown$$00000000)
    __rt_lib_shutdown_cpp_1                  0x080001ab   Thumb Code     0  libshutdown2.o(.ARM.Collect$$libshutdown$$00000002)
    __rt_lib_shutdown_fp_trap_1              0x080001ab   Thumb Code     0  libshutdown2.o(.ARM.Collect$$libshutdown$$00000007)
    __rt_lib_shutdown_heap_1                 0x080001ab   Thumb Code     0  libshutdown2.o(.ARM.Collect$$libshutdown$$0000000F)
    __rt_lib_shutdown_return                 0x080001ab   Thumb Code     0  libshutdown2.o(.ARM.Collect$$libshutdown$$00000010)
    __rt_lib_shutdown_signal_1               0x080001ab   Thumb Code     0  libshutdown2.o(.ARM.Collect$$libshutdown$$0000000A)
    __rt_lib_shutdown_stdio_1                0x080001ab   Thumb Code     0  libshutdown2.o(.ARM.Collect$$libshutdown$$00000004)
    __rt_lib_shutdown_user_alloc_1           0x080001ab   Thumb Code     0  libshutdown2.o(.ARM.Collect$$libshutdown$$0000000C)
    __rt_entry                               0x080001ad   Thumb Code     0  __rtentry.o(.ARM.Collect$$rtentry$$00000000)
    __rt_entry_presh_1                       0x080001ad   Thumb Code     0  __rtentry2.o(.ARM.Collect$$rtentry$$00000002)
    __rt_entry_sh                            0x080001ad   Thumb Code     0  __rtentry4.o(.ARM.Collect$$rtentry$$00000004)
    __rt_entry_li                            0x080001b3   Thumb Code     0  __rtentry2.o(.ARM.Collect$$rtentry$$0000000A)
    __rt_entry_postsh_1                      0x080001b3   Thumb Code     0  __rtentry2.o(.ARM.Collect$$rtentry$$00000009)
    __rt_entry_main                          0x080001b7   Thumb Code     0  __rtentry2.o(.ARM.Collect$$rtentry$$0000000D)
    __rt_entry_postli_1                      0x080001b7   Thumb Code     0  __rtentry2.o(.ARM.Collect$$rtentry$$0000000C)
    __rt_exit                                0x080001bf   Thumb Code     0  rtexit.o(.ARM.Collect$$rtexit$$00000000)
    __rt_exit_ls                             0x080001c1   Thumb Code     0  rtexit2.o(.ARM.Collect$$rtexit$$00000003)
    __rt_exit_prels_1                        0x080001c1   Thumb Code     0  rtexit2.o(.ARM.Collect$$rtexit$$00000002)
    __rt_exit_exit                           0x080001c5   Thumb Code     0  rtexit2.o(.ARM.Collect$$rtexit$$00000004)
    Reset_Handler                            0x080001cd   Thumb Code     8  startup_stm32f10x_hd.o(.text)
    ADC3_IRQHandler                          0x080001e7   Thumb Code     0  startup_stm32f10x_hd.o(.text)
    CAN1_RX1_IRQHandler                      0x080001e7   Thumb Code     0  startup_stm32f10x_hd.o(.text)
    CAN1_SCE_IRQHandler                      0x080001e7   Thumb Code     0  startup_stm32f10x_hd.o(.text)
    DMA1_Channel1_IRQHandler                 0x080001e7   Thumb Code     0  startup_stm32f10x_hd.o(.text)
    DMA1_Channel3_IRQHandler                 0x080001e7   Thumb Code     0  startup_stm32f10x_hd.o(.text)
    DMA1_Channel4_IRQHandler                 0x080001e7   Thumb Code     0  startup_stm32f10x_hd.o(.text)
    DMA1_Channel5_IRQHandler                 0x080001e7   Thumb Code     0  startup_stm32f10x_hd.o(.text)
    DMA1_Channel6_IRQHandler                 0x080001e7   Thumb Code     0  startup_stm32f10x_hd.o(.text)
    DMA1_Channel7_IRQHandler                 0x080001e7   Thumb Code     0  startup_stm32f10x_hd.o(.text)
    DMA2_Channel1_IRQHandler                 0x080001e7   Thumb Code     0  startup_stm32f10x_hd.o(.text)
    DMA2_Channel2_IRQHandler                 0x080001e7   Thumb Code     0  startup_stm32f10x_hd.o(.text)
    DMA2_Channel3_IRQHandler                 0x080001e7   Thumb Code     0  startup_stm32f10x_hd.o(.text)
    DMA2_Channel4_5_IRQHandler               0x080001e7   Thumb Code     0  startup_stm32f10x_hd.o(.text)
    EXTI0_IRQHandler                         0x080001e7   Thumb Code     0  startup_stm32f10x_hd.o(.text)
    EXTI15_10_IRQHandler                     0x080001e7   Thumb Code     0  startup_stm32f10x_hd.o(.text)
    EXTI1_IRQHandler                         0x080001e7   Thumb Code     0  startup_stm32f10x_hd.o(.text)
    EXTI2_IRQHandler                         0x080001e7   Thumb Code     0  startup_stm32f10x_hd.o(.text)
    EXTI3_IRQHandler                         0x080001e7   Thumb Code     0  startup_stm32f10x_hd.o(.text)
    EXTI4_IRQHandler                         0x080001e7   Thumb Code     0  startup_stm32f10x_hd.o(.text)
    EXTI9_5_IRQHandler                       0x080001e7   Thumb Code     0  startup_stm32f10x_hd.o(.text)
    FLASH_IRQHandler                         0x080001e7   Thumb Code     0  startup_stm32f10x_hd.o(.text)
    FSMC_IRQHandler                          0x080001e7   Thumb Code     0  startup_stm32f10x_hd.o(.text)
    I2C1_ER_IRQHandler                       0x080001e7   Thumb Code     0  startup_stm32f10x_hd.o(.text)
    I2C1_EV_IRQHandler                       0x080001e7   Thumb Code     0  startup_stm32f10x_hd.o(.text)
    I2C2_ER_IRQHandler                       0x080001e7   Thumb Code     0  startup_stm32f10x_hd.o(.text)
    I2C2_EV_IRQHandler                       0x080001e7   Thumb Code     0  startup_stm32f10x_hd.o(.text)
    PVD_IRQHandler                           0x080001e7   Thumb Code     0  startup_stm32f10x_hd.o(.text)
    RCC_IRQHandler                           0x080001e7   Thumb Code     0  startup_stm32f10x_hd.o(.text)
    RTCAlarm_IRQHandler                      0x080001e7   Thumb Code     0  startup_stm32f10x_hd.o(.text)
    RTC_IRQHandler                           0x080001e7   Thumb Code     0  startup_stm32f10x_hd.o(.text)
    SDIO_IRQHandler                          0x080001e7   Thumb Code     0  startup_stm32f10x_hd.o(.text)
    SPI1_IRQHandler                          0x080001e7   Thumb Code     0  startup_stm32f10x_hd.o(.text)
    SPI2_IRQHandler                          0x080001e7   Thumb Code     0  startup_stm32f10x_hd.o(.text)
    SPI3_IRQHandler                          0x080001e7   Thumb Code     0  startup_stm32f10x_hd.o(.text)
    TAMPER_IRQHandler                        0x080001e7   Thumb Code     0  startup_stm32f10x_hd.o(.text)
    TIM1_BRK_IRQHandler                      0x080001e7   Thumb Code     0  startup_stm32f10x_hd.o(.text)
    TIM1_CC_IRQHandler                       0x080001e7   Thumb Code     0  startup_stm32f10x_hd.o(.text)
    TIM1_TRG_COM_IRQHandler                  0x080001e7   Thumb Code     0  startup_stm32f10x_hd.o(.text)
    TIM3_IRQHandler                          0x080001e7   Thumb Code     0  startup_stm32f10x_hd.o(.text)
    TIM4_IRQHandler                          0x080001e7   Thumb Code     0  startup_stm32f10x_hd.o(.text)
    TIM5_IRQHandler                          0x080001e7   Thumb Code     0  startup_stm32f10x_hd.o(.text)
    TIM6_IRQHandler                          0x080001e7   Thumb Code     0  startup_stm32f10x_hd.o(.text)
    TIM7_IRQHandler                          0x080001e7   Thumb Code     0  startup_stm32f10x_hd.o(.text)
    TIM8_BRK_IRQHandler                      0x080001e7   Thumb Code     0  startup_stm32f10x_hd.o(.text)
    TIM8_CC_IRQHandler                       0x080001e7   Thumb Code     0  startup_stm32f10x_hd.o(.text)
    TIM8_TRG_COM_IRQHandler                  0x080001e7   Thumb Code     0  startup_stm32f10x_hd.o(.text)
    TIM8_UP_IRQHandler                       0x080001e7   Thumb Code     0  startup_stm32f10x_hd.o(.text)
    UART4_IRQHandler                         0x080001e7   Thumb Code     0  startup_stm32f10x_hd.o(.text)
    UART5_IRQHandler                         0x080001e7   Thumb Code     0  startup_stm32f10x_hd.o(.text)
    USART2_IRQHandler                        0x080001e7   Thumb Code     0  startup_stm32f10x_hd.o(.text)
    USART3_IRQHandler                        0x080001e7   Thumb Code     0  startup_stm32f10x_hd.o(.text)
    USBWakeUp_IRQHandler                     0x080001e7   Thumb Code     0  startup_stm32f10x_hd.o(.text)
    USB_HP_CAN1_TX_IRQHandler                0x080001e7   Thumb Code     0  startup_stm32f10x_hd.o(.text)
    USB_LP_CAN1_RX0_IRQHandler               0x080001e7   Thumb Code     0  startup_stm32f10x_hd.o(.text)
    WWDG_IRQHandler                          0x080001e7   Thumb Code     0  startup_stm32f10x_hd.o(.text)
    __user_initial_stackheap                 0x080001e9   Thumb Code     0  startup_stm32f10x_hd.o(.text)
    __aeabi_memcpy                           0x0800020d   Thumb Code     0  rt_memcpy_v6.o(.text)
    __rt_memcpy                              0x0800020d   Thumb Code   138  rt_memcpy_v6.o(.text)
    _memcpy_lastbytes                        0x08000273   Thumb Code     0  rt_memcpy_v6.o(.text)
    __use_two_region_memory                  0x08000297   Thumb Code     2  heapauxi.o(.text)
    __rt_heap_escrow$2region                 0x08000299   Thumb Code     2  heapauxi.o(.text)
    __rt_heap_expand$2region                 0x0800029b   Thumb Code     2  heapauxi.o(.text)
    __aeabi_memcpy4                          0x0800029d   Thumb Code     0  rt_memcpy_w.o(.text)
    __aeabi_memcpy8                          0x0800029d   Thumb Code     0  rt_memcpy_w.o(.text)
    __rt_memcpy_w                            0x0800029d   Thumb Code   100  rt_memcpy_w.o(.text)
    _memcpy_lastbytes_aligned                0x080002e5   Thumb Code     0  rt_memcpy_w.o(.text)
    __user_setup_stackheap                   0x08000301   Thumb Code    74  sys_stackheap_outer.o(.text)
    exit                                     0x0800034b   Thumb Code    18  exit.o(.text)
    __user_libspace                          0x0800035d   Thumb Code     8  libspace.o(.text)
    __user_perproc_libspace                  0x0800035d   Thumb Code     0  libspace.o(.text)
    __user_perthread_libspace                0x0800035d   Thumb Code     0  libspace.o(.text)
    _sys_exit                                0x08000365   Thumb Code     8  sys_exit.o(.text)
    __I$use$semihosting                      0x08000371   Thumb Code     0  use_no_semi.o(.text)
    __use_no_semihosting_swi                 0x08000371   Thumb Code     2  use_no_semi.o(.text)
    __semihosting_library_function           0x08000373   Thumb Code     0  indicate_semi.o(.text)
    ADC1_2_IRQHandler                        0x08000375   Thumb Code    50  adc.o(i.ADC1_2_IRQHandler)
    ADC_ClearITPendingBit                    0x080003b1   Thumb Code    10  stm32f10x_adc.o(i.ADC_ClearITPendingBit)
    ADC_GetConversionValue                   0x080003bb   Thumb Code     8  stm32f10x_adc.o(i.ADC_GetConversionValue)
    ADC_SoftwareStartConvCmd                 0x080003c3   Thumb Code    22  stm32f10x_adc.o(i.ADC_SoftwareStartConvCmd)
    BusFault_Handler                         0x080003d9   Thumb Code     4  stm32f10x_it.o(i.BusFault_Handler)
    Ctrl_RUDDER                              0x080003dd   Thumb Code  3334  ctrl_rudder.o(i.Ctrl_RUDDER)
    DMA1_Channel2_IRQHandler                 0x080010fd   Thumb Code    66  init_usart.o(i.DMA1_Channel2_IRQHandler)
    DMA_ClearFlag                            0x0800114d   Thumb Code    18  stm32f10x_dma.o(i.DMA_ClearFlag)
    DMA_ClearITPendingBit                    0x08001169   Thumb Code    18  stm32f10x_dma.o(i.DMA_ClearITPendingBit)
    DMA_Cmd                                  0x08001185   Thumb Code    24  stm32f10x_dma.o(i.DMA_Cmd)
    DMA_DeInit                               0x0800119d   Thumb Code   324  stm32f10x_dma.o(i.DMA_DeInit)
    DMA_GetFlagStatus                        0x080012e9   Thumb Code    36  stm32f10x_dma.o(i.DMA_GetFlagStatus)
    DMA_GetITStatus                          0x08001315   Thumb Code    36  stm32f10x_dma.o(i.DMA_GetITStatus)
    DMA_Init                                 0x08001341   Thumb Code    60  stm32f10x_dma.o(i.DMA_Init)
    DMA_SetCurrDataCounter                   0x0800137d   Thumb Code     4  stm32f10x_dma.o(i.DMA_SetCurrDataCounter)
    DebugMon_Handler                         0x08001381   Thumb Code     2  stm32f10x_it.o(i.DebugMon_Handler)
    GPIO_Init                                0x08001383   Thumb Code   278  stm32f10x_gpio.o(i.GPIO_Init)
    GPIO_PinRemapConfig                      0x08001499   Thumb Code   138  stm32f10x_gpio.o(i.GPIO_PinRemapConfig)
    GPIO_ResetBits                           0x08001529   Thumb Code     4  stm32f10x_gpio.o(i.GPIO_ResetBits)
    GPIO_SetBits                             0x0800152d   Thumb Code     4  stm32f10x_gpio.o(i.GPIO_SetBits)
    HardFault_Handler                        0x08001531   Thumb Code     4  stm32f10x_it.o(i.HardFault_Handler)
    Init_LED                                 0x08001535   Thumb Code    40  init_led.o(i.Init_LED)
    Init_PWM                                 0x08001561   Thumb Code   498  init_pwm.o(i.Init_PWM)
    Init_TIMER2                              0x0800176d   Thumb Code   110  init_timer.o(i.Init_TIMER2)
    Init_USART2                              0x080017dd   Thumb Code   132  init_usart.o(i.Init_USART2)
    MYDMA_Config                             0x08001869   Thumb Code    86  dma.o(i.MYDMA_Config)
    MYDMA_Enable                             0x080018c5   Thumb Code    32  dma.o(i.MYDMA_Enable)
    MemManage_Handler                        0x080018e9   Thumb Code     4  stm32f10x_it.o(i.MemManage_Handler)
    MotorPidCtl                              0x080018ed   Thumb Code   194  pid.o(i.MotorPidCtl)
    NMI_Handler                              0x080019d1   Thumb Code     2  stm32f10x_it.o(i.NMI_Handler)
    NVIC_Init                                0x080019d5   Thumb Code   100  misc.o(i.NVIC_Init)
    NVIC_PriorityGroupConfig                 0x08001a45   Thumb Code    10  misc.o(i.NVIC_PriorityGroupConfig)
    NvicConfig                               0x08001a59   Thumb Code    32  main.o(i.NvicConfig)
    PendSV_Handler                           0x08001a79   Thumb Code     2  stm32f10x_it.o(i.PendSV_Handler)
    PulseRccConfig                           0x08001a7b   Thumb Code    20  main.o(i.PulseRccConfig)
    PulseTimConfig                           0x08001a91   Thumb Code    68  main.o(i.PulseTimConfig)
    RCC_AHBPeriphClockCmd                    0x08001ad9   Thumb Code    26  stm32f10x_rcc.o(i.RCC_AHBPeriphClockCmd)
    RCC_APB1PeriphClockCmd                   0x08001af9   Thumb Code    26  stm32f10x_rcc.o(i.RCC_APB1PeriphClockCmd)
    RCC_APB1PeriphResetCmd                   0x08001b19   Thumb Code    26  stm32f10x_rcc.o(i.RCC_APB1PeriphResetCmd)
    RCC_APB2PeriphClockCmd                   0x08001b39   Thumb Code    26  stm32f10x_rcc.o(i.RCC_APB2PeriphClockCmd)
    RCC_APB2PeriphResetCmd                   0x08001b59   Thumb Code    26  stm32f10x_rcc.o(i.RCC_APB2PeriphResetCmd)
    RCC_GetClocksFreq                        0x08001b79   Thumb Code   192  stm32f10x_rcc.o(i.RCC_GetClocksFreq)
    SVC_Handler                              0x08001c4d   Thumb Code     2  stm32f10x_it.o(i.SVC_Handler)
    SysTick_Handler                          0x08001d39   Thumb Code     2  stm32f10x_it.o(i.SysTick_Handler)
    SystemInit                               0x08001d3d   Thumb Code    78  system_stm32f10x.o(i.SystemInit)
    TIM1_UP_IRQHandler                       0x08001d9d   Thumb Code   242  main.o(i.TIM1_UP_IRQHandler)
    TIM2_IRQHandler                          0x08001ebd   Thumb Code   246  init_timer.o(i.TIM2_IRQHandler)
    TIM_ClearFlag                            0x08001fd9   Thumb Code     6  stm32f10x_tim.o(i.TIM_ClearFlag)
    TIM_ClearITPendingBit                    0x08001fdf   Thumb Code     6  stm32f10x_tim.o(i.TIM_ClearITPendingBit)
    TIM_Cmd                                  0x08001fe5   Thumb Code    24  stm32f10x_tim.o(i.TIM_Cmd)
    TIM_DeInit                               0x08001ffd   Thumb Code   424  stm32f10x_tim.o(i.TIM_DeInit)
    TIM_ETRClockMode2Config                  0x080021e5   Thumb Code    32  stm32f10x_tim.o(i.TIM_ETRClockMode2Config)
    TIM_ETRConfig                            0x08002205   Thumb Code    28  stm32f10x_tim.o(i.TIM_ETRConfig)
    TIM_GetITStatus                          0x08002221   Thumb Code    34  stm32f10x_tim.o(i.TIM_GetITStatus)
    TIM_ITConfig                             0x08002243   Thumb Code    18  stm32f10x_tim.o(i.TIM_ITConfig)
    TIM_OC1Init                              0x08002255   Thumb Code   132  stm32f10x_tim.o(i.TIM_OC1Init)
    TIM_OC2Init                              0x080022ed   Thumb Code   154  stm32f10x_tim.o(i.TIM_OC2Init)
    TIM_OC3Init                              0x08002391   Thumb Code   150  stm32f10x_tim.o(i.TIM_OC3Init)
    TIM_OC4Init                              0x08002431   Thumb Code   114  stm32f10x_tim.o(i.TIM_OC4Init)
    TIM_SetCompare1                          0x080024ad   Thumb Code     4  stm32f10x_tim.o(i.TIM_SetCompare1)
    TIM_SetCompare2                          0x080024b1   Thumb Code     4  stm32f10x_tim.o(i.TIM_SetCompare2)
    TIM_SetCompare3                          0x080024b5   Thumb Code     4  stm32f10x_tim.o(i.TIM_SetCompare3)
    TIM_SetCompare4                          0x080024b9   Thumb Code     6  stm32f10x_tim.o(i.TIM_SetCompare4)
    TIM_SetCounter                           0x080024bf   Thumb Code     4  stm32f10x_tim.o(i.TIM_SetCounter)
    TIM_TimeBaseInit                         0x080024c5   Thumb Code   122  stm32f10x_tim.o(i.TIM_TimeBaseInit)
    Tim1Init                                 0x08002569   Thumb Code    76  main.o(i.Tim1Init)
    USART1_IRQHandler                        0x080025b9   Thumb Code    90  init_usart.o(i.USART1_IRQHandler)
    USART_ClearITPendingBit                  0x08002625   Thumb Code    30  stm32f10x_usart.o(i.USART_ClearITPendingBit)
    USART_Cmd                                0x08002643   Thumb Code    24  stm32f10x_usart.o(i.USART_Cmd)
    USART_DMACmd                             0x0800265b   Thumb Code    18  stm32f10x_usart.o(i.USART_DMACmd)
    USART_GetITStatus                        0x0800266d   Thumb Code    84  stm32f10x_usart.o(i.USART_GetITStatus)
    USART_Init                               0x080026c1   Thumb Code   210  stm32f10x_usart.o(i.USART_Init)
    UsageFault_Handler                       0x08002799   Thumb Code     4  stm32f10x_it.o(i.UsageFault_Handler)
    main                                     0x0800279d   Thumb Code   680  main.o(i.main)
    __aeabi_d2f                              0x08002ad5   Thumb Code     0  d2f.o(x$fpl$d2f)
    _d2f                                     0x08002ad5   Thumb Code    98  d2f.o(x$fpl$d2f)
    __aeabi_dadd                             0x08002b39   Thumb Code     0  daddsub_clz.o(x$fpl$dadd)
    _dadd                                    0x08002b39   Thumb Code   332  daddsub_clz.o(x$fpl$dadd)
    __fpl_dcmp_Inf                           0x08002c89   Thumb Code    24  dcmpi.o(x$fpl$dcmpinf)
    __aeabi_ddiv                             0x08002ca1   Thumb Code     0  ddiv.o(x$fpl$ddiv)
    _ddiv                                    0x08002ca1   Thumb Code   552  ddiv.o(x$fpl$ddiv)
    __aeabi_d2uiz                            0x08002f51   Thumb Code     0  dfixu.o(x$fpl$dfixu)
    _dfixu                                   0x08002f51   Thumb Code    90  dfixu.o(x$fpl$dfixu)
    __aeabi_i2d                              0x08002fab   Thumb Code     0  dflt_clz.o(x$fpl$dflt)
    _dflt                                    0x08002fab   Thumb Code    46  dflt_clz.o(x$fpl$dflt)
    __aeabi_cdcmple                          0x08002fd9   Thumb Code     0  dleqf.o(x$fpl$dleqf)
    _dcmple                                  0x08002fd9   Thumb Code   120  dleqf.o(x$fpl$dleqf)
    __fpl_dcmple_InfNaN                      0x0800303b   Thumb Code     0  dleqf.o(x$fpl$dleqf)
    __aeabi_dmul                             0x08003051   Thumb Code     0  dmul.o(x$fpl$dmul)
    _dmul                                    0x08003051   Thumb Code   332  dmul.o(x$fpl$dmul)
    __fpl_dnaninf                            0x080031a5   Thumb Code   156  dnaninf.o(x$fpl$dnaninf)
    __fpl_dretinf                            0x08003241   Thumb Code    12  dretinf.o(x$fpl$dretinf)
    __aeabi_cdrcmple                         0x0800324d   Thumb Code     0  drleqf.o(x$fpl$drleqf)
    _drcmple                                 0x0800324d   Thumb Code   108  drleqf.o(x$fpl$drleqf)
    __aeabi_dsub                             0x080032b9   Thumb Code     0  daddsub_clz.o(x$fpl$dsub)
    _dsub                                    0x080032b9   Thumb Code   464  daddsub_clz.o(x$fpl$dsub)
    __aeabi_f2d                              0x0800348d   Thumb Code     0  f2d.o(x$fpl$f2d)
    _f2d                                     0x0800348d   Thumb Code    86  f2d.o(x$fpl$f2d)
    __aeabi_fadd                             0x080034e5   Thumb Code     0  faddsub_clz.o(x$fpl$fadd)
    _fadd                                    0x080034e5   Thumb Code   196  faddsub_clz.o(x$fpl$fadd)
    __fpl_fcmp_Inf                           0x080035a9   Thumb Code    24  fcmpi.o(x$fpl$fcmpinf)
    __aeabi_cfcmpeq                          0x080035c1   Thumb Code     0  feqf.o(x$fpl$feqf)
    _fcmpeq                                  0x080035c1   Thumb Code   104  feqf.o(x$fpl$feqf)
    __aeabi_f2uiz                            0x08003629   Thumb Code     0  ffixu.o(x$fpl$ffixu)
    _ffixu                                   0x08003629   Thumb Code    62  ffixu.o(x$fpl$ffixu)
    __aeabi_i2f                              0x08003669   Thumb Code     0  fflt_clz.o(x$fpl$fflt)
    _fflt                                    0x08003669   Thumb Code    48  fflt_clz.o(x$fpl$fflt)
    __aeabi_cfcmple                          0x08003699   Thumb Code     0  fleqf.o(x$fpl$fleqf)
    _fcmple                                  0x08003699   Thumb Code   104  fleqf.o(x$fpl$fleqf)
    __fpl_fcmple_InfNaN                      0x080036eb   Thumb Code     0  fleqf.o(x$fpl$fleqf)
    __aeabi_fmul                             0x08003701   Thumb Code     0  fmul.o(x$fpl$fmul)
    _fmul                                    0x08003701   Thumb Code   258  fmul.o(x$fpl$fmul)
    __fpl_fnaninf                            0x08003803   Thumb Code   140  fnaninf.o(x$fpl$fnaninf)
    __fpl_fretinf                            0x0800388f   Thumb Code    10  fretinf.o(x$fpl$fretinf)
    __aeabi_cfrcmple                         0x08003899   Thumb Code     0  frleqf.o(x$fpl$frleqf)
    _frcmple                                 0x08003899   Thumb Code    98  frleqf.o(x$fpl$frleqf)
    __aeabi_frsub                            0x080038fb   Thumb Code     0  faddsub_clz.o(x$fpl$frsb)
    _frsb                                    0x080038fb   Thumb Code    20  faddsub_clz.o(x$fpl$frsb)
    __aeabi_fsub                             0x08003911   Thumb Code     0  faddsub_clz.o(x$fpl$fsub)
    _fsub                                    0x08003911   Thumb Code   234  faddsub_clz.o(x$fpl$fsub)
    __I$use$fp                               0x080039fa   Number         0  usenofp.o(x$fpl$usenofp)
    Region$$Table$$Base                      0x080039fc   Number         0  anon$$obj.o(Region$$Table)
    Region$$Table$$Limit                     0x08003a1c   Number         0  anon$$obj.o(Region$$Table)
    DutyfactorSet_LEFT_UP                    0x20000000   Data           4  init_pwm.o(.data)
    DutyfactorSet_RIGHT_UP                   0x20000004   Data           4  init_pwm.o(.data)
    DutyfactorSet_LEFT_DOWN                  0x20000008   Data           4  init_pwm.o(.data)
    DutyfactorSet_RIGHT_DOWN                 0x2000000c   Data           4  init_pwm.o(.data)
    DutyfactorSet_HORIZ_LEFT                 0x20000010   Data           4  init_pwm.o(.data)
    DutyfactorSet_HORIZ_RIGHT                0x20000014   Data           4  init_pwm.o(.data)
    DutyfactorSet_MOTOR                      0x20000018   Data           4  init_pwm.o(.data)
    dmaFlag                                  0x2000001c   Data           4  init_usart.o(.data)
    Uart2_Buffer                             0x20000020   Data          40  init_usart.o(.data)
    ReceiveBuf                               0x20000048   Data          40  init_usart.o(.data)
    LastReceiveBuf                           0x20000070   Data          40  init_usart.o(.data)
    pulseCount                               0x20000098   Data           2  main.o(.data)
    pulseCountPre                            0x2000009a   Data           2  main.o(.data)
    motorSpeed                               0x2000009c   Data           4  main.o(.data)
    AngelSet_LEFT_UP_Buf                     0x200000a0   Data           4  main.o(.data)
    AngelSet_RIGHT_UP_Buf                    0x200000a4   Data           4  main.o(.data)
    AngelSet_LEFT_DOWN_Buf                   0x200000a8   Data           4  main.o(.data)
    AngelSet_RIGHT_DOWN_Buf                  0x200000ac   Data           4  main.o(.data)
    AngelSet_HORIZ_LEFT_Buf                  0x200000b0   Data           4  main.o(.data)
    AngelSet_HORIZ_RIGHT_Buf                 0x200000b4   Data           4  main.o(.data)
    SpeedSet_MOTOR_Buf                       0x200000b8   Data           4  main.o(.data)
    _LEFT_UP                                 0x200000bc   Data           4  main.o(.data)
    _RIGHT_UP                                0x200000c0   Data           4  main.o(.data)
    _LEFT_DOWN                               0x200000c4   Data           4  main.o(.data)
    _RIGHT_DOWN                              0x200000c8   Data           4  main.o(.data)
    _HORIZ_LEFT                              0x200000cc   Data           4  main.o(.data)
    _HORIZ_RIGHT                             0x200000d0   Data           4  main.o(.data)
    _MOTOR                                   0x200000d4   Data           4  main.o(.data)
    DMA1_MEN_LEN                             0x200000d8   Data           2  dma.o(.data)
    Warning_Flag                             0x200000da   Data           1  adc.o(.data)
    setSpeed                                 0x200000dc   Data           4  pid.o(.data)
    actualSpeed                              0x200000e0   Data           4  pid.o(.data)
    actualSpeedPwm                           0x200000e4   Data           4  pid.o(.data)
    err                                      0x200000e8   Data           4  pid.o(.data)
    err_next                                 0x200000ec   Data           4  pid.o(.data)
    kp                                       0x200000f0   Data           4  pid.o(.data)
    ki                                       0x200000f4   Data           4  pid.o(.data)
    kd                                       0x200000f8   Data           4  pid.o(.data)
    err_last                                 0x200000fc   Data           4  pid.o(.data)
    UART1_Buffer                             0x20000114   Data          41  init_usart.o(.bss)
    UART3_Buffer                             0x2000013d   Data          43  init_usart.o(.bss)
    __libspace_start                         0x20000168   Data          96  libspace.o(.bss)
    __temporary_stack_top$libspace           0x200001c8   Data           0  libspace.o(.bss)



==============================================================================

Memory Map of the image

  Image Entry point : 0x080001cd

  Load Region LR_1 (Base: 0x08000000, Size: 0x00003b30, Max: 0xffffffff, ABSOLUTE)

    Execution Region ER_RO (Base: 0x08000000, Size: 0x00003a1c, Max: 0xffffffff, ABSOLUTE)

    Base Addr    Size         Type   Attr      Idx    E Section Name        Object

    0x08000000   0x00000130   Data   RO          477    RESET               startup_stm32f10x_hd.o
    0x08000130   0x00000008   Code   RO         3481  * !!!main             c_w.l(__main.o)
    0x08000138   0x00000034   Code   RO         3707    !!!scatter          c_w.l(__scatter.o)
    0x0800016c   0x0000001a   Code   RO         3709    !!handler_copy      c_w.l(__scatter_copy.o)
    0x08000186   0x00000002   PAD
    0x08000188   0x0000001c   Code   RO         3711    !!handler_zi        c_w.l(__scatter_zi.o)
    0x080001a4   0x00000002   Code   RO         3577    .ARM.Collect$$libinit$$00000000  c_w.l(libinit.o)
    0x080001a6   0x00000000   Code   RO         3584    .ARM.Collect$$libinit$$00000002  c_w.l(libinit2.o)
    0x080001a6   0x00000000   Code   RO         3586    .ARM.Collect$$libinit$$00000004  c_w.l(libinit2.o)
    0x080001a6   0x00000000   Code   RO         3589    .ARM.Collect$$libinit$$0000000A  c_w.l(libinit2.o)
    0x080001a6   0x00000000   Code   RO         3591    .ARM.Collect$$libinit$$0000000C  c_w.l(libinit2.o)
    0x080001a6   0x00000000   Code   RO         3593    .ARM.Collect$$libinit$$0000000E  c_w.l(libinit2.o)
    0x080001a6   0x00000000   Code   RO         3596    .ARM.Collect$$libinit$$00000011  c_w.l(libinit2.o)
    0x080001a6   0x00000000   Code   RO         3598    .ARM.Collect$$libinit$$00000013  c_w.l(libinit2.o)
    0x080001a6   0x00000000   Code   RO         3600    .ARM.Collect$$libinit$$00000015  c_w.l(libinit2.o)
    0x080001a6   0x00000000   Code   RO         3602    .ARM.Collect$$libinit$$00000017  c_w.l(libinit2.o)
    0x080001a6   0x00000000   Code   RO         3604    .ARM.Collect$$libinit$$00000019  c_w.l(libinit2.o)
    0x080001a6   0x00000000   Code   RO         3606    .ARM.Collect$$libinit$$0000001B  c_w.l(libinit2.o)
    0x080001a6   0x00000000   Code   RO         3608    .ARM.Collect$$libinit$$0000001D  c_w.l(libinit2.o)
    0x080001a6   0x00000000   Code   RO         3610    .ARM.Collect$$libinit$$0000001F  c_w.l(libinit2.o)
    0x080001a6   0x00000000   Code   RO         3612    .ARM.Collect$$libinit$$00000021  c_w.l(libinit2.o)
    0x080001a6   0x00000000   Code   RO         3614    .ARM.Collect$$libinit$$00000023  c_w.l(libinit2.o)
    0x080001a6   0x00000000   Code   RO         3616    .ARM.Collect$$libinit$$00000025  c_w.l(libinit2.o)
    0x080001a6   0x00000000   Code   RO         3620    .ARM.Collect$$libinit$$0000002C  c_w.l(libinit2.o)
    0x080001a6   0x00000000   Code   RO         3622    .ARM.Collect$$libinit$$0000002E  c_w.l(libinit2.o)
    0x080001a6   0x00000000   Code   RO         3624    .ARM.Collect$$libinit$$00000030  c_w.l(libinit2.o)
    0x080001a6   0x00000000   Code   RO         3626    .ARM.Collect$$libinit$$00000032  c_w.l(libinit2.o)
    0x080001a6   0x00000002   Code   RO         3627    .ARM.Collect$$libinit$$00000033  c_w.l(libinit2.o)
    0x080001a8   0x00000002   Code   RO         3647    .ARM.Collect$$libshutdown$$00000000  c_w.l(libshutdown.o)
    0x080001aa   0x00000000   Code   RO         3660    .ARM.Collect$$libshutdown$$00000002  c_w.l(libshutdown2.o)
    0x080001aa   0x00000000   Code   RO         3662    .ARM.Collect$$libshutdown$$00000004  c_w.l(libshutdown2.o)
    0x080001aa   0x00000000   Code   RO         3665    .ARM.Collect$$libshutdown$$00000007  c_w.l(libshutdown2.o)
    0x080001aa   0x00000000   Code   RO         3668    .ARM.Collect$$libshutdown$$0000000A  c_w.l(libshutdown2.o)
    0x080001aa   0x00000000   Code   RO         3670    .ARM.Collect$$libshutdown$$0000000C  c_w.l(libshutdown2.o)
    0x080001aa   0x00000000   Code   RO         3673    .ARM.Collect$$libshutdown$$0000000F  c_w.l(libshutdown2.o)
    0x080001aa   0x00000002   Code   RO         3674    .ARM.Collect$$libshutdown$$00000010  c_w.l(libshutdown2.o)
    0x080001ac   0x00000000   Code   RO         3537    .ARM.Collect$$rtentry$$00000000  c_w.l(__rtentry.o)
    0x080001ac   0x00000000   Code   RO         3554    .ARM.Collect$$rtentry$$00000002  c_w.l(__rtentry2.o)
    0x080001ac   0x00000006   Code   RO         3566    .ARM.Collect$$rtentry$$00000004  c_w.l(__rtentry4.o)
    0x080001b2   0x00000000   Code   RO         3556    .ARM.Collect$$rtentry$$00000009  c_w.l(__rtentry2.o)
    0x080001b2   0x00000004   Code   RO         3557    .ARM.Collect$$rtentry$$0000000A  c_w.l(__rtentry2.o)
    0x080001b6   0x00000000   Code   RO         3559    .ARM.Collect$$rtentry$$0000000C  c_w.l(__rtentry2.o)
    0x080001b6   0x00000008   Code   RO         3560    .ARM.Collect$$rtentry$$0000000D  c_w.l(__rtentry2.o)
    0x080001be   0x00000002   Code   RO         3581    .ARM.Collect$$rtexit$$00000000  c_w.l(rtexit.o)
    0x080001c0   0x00000000   Code   RO         3629    .ARM.Collect$$rtexit$$00000002  c_w.l(rtexit2.o)
    0x080001c0   0x00000004   Code   RO         3630    .ARM.Collect$$rtexit$$00000003  c_w.l(rtexit2.o)
    0x080001c4   0x00000006   Code   RO         3631    .ARM.Collect$$rtexit$$00000004  c_w.l(rtexit2.o)
    0x080001ca   0x00000002   PAD
    0x080001cc   0x00000040   Code   RO          478  * .text               startup_stm32f10x_hd.o
    0x0800020c   0x0000008a   Code   RO         3477    .text               c_w.l(rt_memcpy_v6.o)
    0x08000296   0x00000006   Code   RO         3479    .text               c_w.l(heapauxi.o)
    0x0800029c   0x00000064   Code   RO         3538    .text               c_w.l(rt_memcpy_w.o)
    0x08000300   0x0000004a   Code   RO         3568    .text               c_w.l(sys_stackheap_outer.o)
    0x0800034a   0x00000012   Code   RO         3570    .text               c_w.l(exit.o)
    0x0800035c   0x00000008   Code   RO         3578    .text               c_w.l(libspace.o)
    0x08000364   0x0000000c   Code   RO         3639    .text               c_w.l(sys_exit.o)
    0x08000370   0x00000002   Code   RO         3650    .text               c_w.l(use_no_semi.o)
    0x08000372   0x00000000   Code   RO         3652    .text               c_w.l(indicate_semi.o)
    0x08000372   0x00000002   PAD
    0x08000374   0x0000003c   Code   RO          409    i.ADC1_2_IRQHandler  adc.o
    0x080003b0   0x0000000a   Code   RO          549    i.ADC_ClearITPendingBit  stm32f10x_adc.o
    0x080003ba   0x00000008   Code   RO          559    i.ADC_GetConversionValue  stm32f10x_adc.o
    0x080003c2   0x00000016   Code   RO          575    i.ADC_SoftwareStartConvCmd  stm32f10x_adc.o
    0x080003d8   0x00000004   Code   RO            1    i.BusFault_Handler  stm32f10x_it.o
    0x080003dc   0x00000d20   Code   RO          391    i.Ctrl_RUDDER       ctrl_rudder.o
    0x080010fc   0x00000050   Code   RO          234    i.DMA1_Channel2_IRQHandler  init_usart.o
    0x0800114c   0x0000001c   Code   RO         1233    i.DMA_ClearFlag     stm32f10x_dma.o
    0x08001168   0x0000001c   Code   RO         1234    i.DMA_ClearITPendingBit  stm32f10x_dma.o
    0x08001184   0x00000018   Code   RO         1235    i.DMA_Cmd           stm32f10x_dma.o
    0x0800119c   0x0000014c   Code   RO         1236    i.DMA_DeInit        stm32f10x_dma.o
    0x080012e8   0x0000002c   Code   RO         1238    i.DMA_GetFlagStatus  stm32f10x_dma.o
    0x08001314   0x0000002c   Code   RO         1239    i.DMA_GetITStatus   stm32f10x_dma.o
    0x08001340   0x0000003c   Code   RO         1241    i.DMA_Init          stm32f10x_dma.o
    0x0800137c   0x00000004   Code   RO         1242    i.DMA_SetCurrDataCounter  stm32f10x_dma.o
    0x08001380   0x00000002   Code   RO            2    i.DebugMon_Handler  stm32f10x_it.o
    0x08001382   0x00000116   Code   RO         1659    i.GPIO_Init         stm32f10x_gpio.o
    0x08001498   0x00000090   Code   RO         1661    i.GPIO_PinRemapConfig  stm32f10x_gpio.o
    0x08001528   0x00000004   Code   RO         1666    i.GPIO_ResetBits    stm32f10x_gpio.o
    0x0800152c   0x00000004   Code   RO         1667    i.GPIO_SetBits      stm32f10x_gpio.o
    0x08001530   0x00000004   Code   RO            3    i.HardFault_Handler  stm32f10x_it.o
    0x08001534   0x0000002c   Code   RO          201    i.Init_LED          init_led.o
    0x08001560   0x0000020c   Code   RO          216    i.Init_PWM          init_pwm.o
    0x0800176c   0x0000006e   Code   RO          347    i.Init_TIMER2       init_timer.o
    0x080017da   0x00000002   PAD
    0x080017dc   0x0000008c   Code   RO          236    i.Init_USART2       init_usart.o
    0x08001868   0x0000005c   Code   RO          366    i.MYDMA_Config      dma.o
    0x080018c4   0x00000024   Code   RO          367    i.MYDMA_Enable      dma.o
    0x080018e8   0x00000004   Code   RO            4    i.MemManage_Handler  stm32f10x_it.o
    0x080018ec   0x000000e4   Code   RO          432    i.MotorPidCtl       pid.o
    0x080019d0   0x00000002   Code   RO            5    i.NMI_Handler       stm32f10x_it.o
    0x080019d2   0x00000002   PAD
    0x080019d4   0x00000070   Code   RO          482    i.NVIC_Init         misc.o
    0x08001a44   0x00000014   Code   RO          483    i.NVIC_PriorityGroupConfig  misc.o
    0x08001a58   0x00000020   Code   RO          280    i.NvicConfig        main.o
    0x08001a78   0x00000002   Code   RO            6    i.PendSV_Handler    stm32f10x_it.o
    0x08001a7a   0x00000014   Code   RO          282    i.PulseRccConfig    main.o
    0x08001a8e   0x00000002   PAD
    0x08001a90   0x00000048   Code   RO          283    i.PulseTimConfig    main.o
    0x08001ad8   0x00000020   Code   RO         2074    i.RCC_AHBPeriphClockCmd  stm32f10x_rcc.o
    0x08001af8   0x00000020   Code   RO         2075    i.RCC_APB1PeriphClockCmd  stm32f10x_rcc.o
    0x08001b18   0x00000020   Code   RO         2076    i.RCC_APB1PeriphResetCmd  stm32f10x_rcc.o
    0x08001b38   0x00000020   Code   RO         2077    i.RCC_APB2PeriphClockCmd  stm32f10x_rcc.o
    0x08001b58   0x00000020   Code   RO         2078    i.RCC_APB2PeriphResetCmd  stm32f10x_rcc.o
    0x08001b78   0x000000d4   Code   RO         2085    i.RCC_GetClocksFreq  stm32f10x_rcc.o
    0x08001c4c   0x00000002   Code   RO            7    i.SVC_Handler       stm32f10x_it.o
    0x08001c4e   0x00000008   Code   RO          152    i.SetSysClock       system_stm32f10x.o
    0x08001c56   0x00000002   PAD
    0x08001c58   0x000000e0   Code   RO          153    i.SetSysClockTo72   system_stm32f10x.o
    0x08001d38   0x00000002   Code   RO            8    i.SysTick_Handler   stm32f10x_it.o
    0x08001d3a   0x00000002   PAD
    0x08001d3c   0x00000060   Code   RO          155    i.SystemInit        system_stm32f10x.o
    0x08001d9c   0x00000120   Code   RO          284    i.TIM1_UP_IRQHandler  main.o
    0x08001ebc   0x0000011c   Code   RO          348    i.TIM2_IRQHandler   init_timer.o
    0x08001fd8   0x00000006   Code   RO         2703    i.TIM_ClearFlag     stm32f10x_tim.o
    0x08001fde   0x00000006   Code   RO         2704    i.TIM_ClearITPendingBit  stm32f10x_tim.o
    0x08001fe4   0x00000018   Code   RO         2709    i.TIM_Cmd           stm32f10x_tim.o
    0x08001ffc   0x000001e8   Code   RO         2714    i.TIM_DeInit        stm32f10x_tim.o
    0x080021e4   0x00000020   Code   RO         2716    i.TIM_ETRClockMode2Config  stm32f10x_tim.o
    0x08002204   0x0000001c   Code   RO         2717    i.TIM_ETRConfig     stm32f10x_tim.o
    0x08002220   0x00000022   Code   RO         2730    i.TIM_GetITStatus   stm32f10x_tim.o
    0x08002242   0x00000012   Code   RO         2734    i.TIM_ITConfig      stm32f10x_tim.o
    0x08002254   0x00000098   Code   RO         2738    i.TIM_OC1Init       stm32f10x_tim.o
    0x080022ec   0x000000a4   Code   RO         2743    i.TIM_OC2Init       stm32f10x_tim.o
    0x08002390   0x000000a0   Code   RO         2748    i.TIM_OC3Init       stm32f10x_tim.o
    0x08002430   0x0000007c   Code   RO         2753    i.TIM_OC4Init       stm32f10x_tim.o
    0x080024ac   0x00000004   Code   RO         2770    i.TIM_SetCompare1   stm32f10x_tim.o
    0x080024b0   0x00000004   Code   RO         2771    i.TIM_SetCompare2   stm32f10x_tim.o
    0x080024b4   0x00000004   Code   RO         2772    i.TIM_SetCompare3   stm32f10x_tim.o
    0x080024b8   0x00000006   Code   RO         2773    i.TIM_SetCompare4   stm32f10x_tim.o
    0x080024be   0x00000004   Code   RO         2774    i.TIM_SetCounter    stm32f10x_tim.o
    0x080024c2   0x00000002   PAD
    0x080024c4   0x000000a4   Code   RO         2780    i.TIM_TimeBaseInit  stm32f10x_tim.o
    0x08002568   0x00000050   Code   RO          285    i.Tim1Init          main.o
    0x080025b8   0x0000006c   Code   RO          238    i.USART1_IRQHandler  init_usart.o
    0x08002624   0x0000001e   Code   RO         3242    i.USART_ClearITPendingBit  stm32f10x_usart.o
    0x08002642   0x00000018   Code   RO         3245    i.USART_Cmd         stm32f10x_usart.o
    0x0800265a   0x00000012   Code   RO         3246    i.USART_DMACmd      stm32f10x_usart.o
    0x0800266c   0x00000054   Code   RO         3249    i.USART_GetITStatus  stm32f10x_usart.o
    0x080026c0   0x000000d8   Code   RO         3252    i.USART_Init        stm32f10x_usart.o
    0x08002798   0x00000004   Code   RO            9    i.UsageFault_Handler  stm32f10x_it.o
    0x0800279c   0x00000338   Code   RO          286    i.main              main.o
    0x08002ad4   0x00000062   Code   RO         3483    x$fpl$d2f           fz_ws.l(d2f.o)
    0x08002b36   0x00000002   PAD
    0x08002b38   0x00000150   Code   RO         3485    x$fpl$dadd          fz_ws.l(daddsub_clz.o)
    0x08002c88   0x00000018   Code   RO         3540    x$fpl$dcmpinf       fz_ws.l(dcmpi.o)
    0x08002ca0   0x000002b0   Code   RO         3492    x$fpl$ddiv          fz_ws.l(ddiv.o)
    0x08002f50   0x0000005a   Code   RO         3495    x$fpl$dfixu         fz_ws.l(dfixu.o)
    0x08002faa   0x0000002e   Code   RO         3500    x$fpl$dflt          fz_ws.l(dflt_clz.o)
    0x08002fd8   0x00000078   Code   RO         3505    x$fpl$dleqf         fz_ws.l(dleqf.o)
    0x08003050   0x00000154   Code   RO         3507    x$fpl$dmul          fz_ws.l(dmul.o)
    0x080031a4   0x0000009c   Code   RO         3542    x$fpl$dnaninf       fz_ws.l(dnaninf.o)
    0x08003240   0x0000000c   Code   RO         3544    x$fpl$dretinf       fz_ws.l(dretinf.o)
    0x0800324c   0x0000006c   Code   RO         3509    x$fpl$drleqf        fz_ws.l(drleqf.o)
    0x080032b8   0x000001d4   Code   RO         3487    x$fpl$dsub          fz_ws.l(daddsub_clz.o)
    0x0800348c   0x00000056   Code   RO         3511    x$fpl$f2d           fz_ws.l(f2d.o)
    0x080034e2   0x00000002   PAD
    0x080034e4   0x000000c4   Code   RO         3513    x$fpl$fadd          fz_ws.l(faddsub_clz.o)
    0x080035a8   0x00000018   Code   RO         3546    x$fpl$fcmpinf       fz_ws.l(fcmpi.o)
    0x080035c0   0x00000068   Code   RO         3519    x$fpl$feqf          fz_ws.l(feqf.o)
    0x08003628   0x0000003e   Code   RO         3521    x$fpl$ffixu         fz_ws.l(ffixu.o)
    0x08003666   0x00000002   PAD
    0x08003668   0x00000030   Code   RO         3526    x$fpl$fflt          fz_ws.l(fflt_clz.o)
    0x08003698   0x00000068   Code   RO         3531    x$fpl$fleqf         fz_ws.l(fleqf.o)
    0x08003700   0x00000102   Code   RO         3533    x$fpl$fmul          fz_ws.l(fmul.o)
    0x08003802   0x0000008c   Code   RO         3548    x$fpl$fnaninf       fz_ws.l(fnaninf.o)
    0x0800388e   0x0000000a   Code   RO         3550    x$fpl$fretinf       fz_ws.l(fretinf.o)
    0x08003898   0x00000062   Code   RO         3535    x$fpl$frleqf        fz_ws.l(frleqf.o)
    0x080038fa   0x00000014   Code   RO         3514    x$fpl$frsb          fz_ws.l(faddsub_clz.o)
    0x0800390e   0x00000002   PAD
    0x08003910   0x000000ea   Code   RO         3515    x$fpl$fsub          fz_ws.l(faddsub_clz.o)
    0x080039fa   0x00000000   Code   RO         3552    x$fpl$usenofp       fz_ws.l(usenofp.o)
    0x080039fa   0x00000002   PAD
    0x080039fc   0x00000020   Data   RO         3705    Region$$Table       anon$$obj.o


    Execution Region ER_RW (Base: 0x20000000, Size: 0x00000114, Max: 0xffffffff, ABSOLUTE)

    Base Addr    Size         Type   Attr      Idx    E Section Name        Object

    0x20000000   0x0000001c   Data   RW          217    .data               init_pwm.o
    0x2000001c   0x0000007c   Data   RW          240    .data               init_usart.o
    0x20000098   0x00000040   Data   RW          287    .data               main.o
    0x200000d8   0x00000002   Data   RW          368    .data               dma.o
    0x200000da   0x00000001   Data   RW          411    .data               adc.o
    0x200000db   0x00000001   PAD
    0x200000dc   0x00000024   Data   RW          435    .data               pid.o
    0x20000100   0x00000014   Data   RW         2105    .data               stm32f10x_rcc.o


    Execution Region ER_ZI (Base: 0x20000114, Size: 0x000006b4, Max: 0xffffffff, ABSOLUTE)

    Base Addr    Size         Type   Attr      Idx    E Section Name        Object

    0x20000114   0x00000054   Zero   RW          239    .bss                init_usart.o
    0x20000168   0x00000060   Zero   RW         3579    .bss                c_w.l(libspace.o)
    0x200001c8   0x00000200   Zero   RW          476    HEAP                startup_stm32f10x_hd.o
    0x200003c8   0x00000400   Zero   RW          475    STACK               startup_stm32f10x_hd.o


==============================================================================

Image component sizes


      Code (inc. data)   RO Data    RW Data    ZI Data      Debug   Object Name

        60         10          0          1          0        695   adc.o
         0          0          0          0          0         32   core_cm3.o
      3360        162          0          0          0        998   ctrl_rudder.o
       128         10          0          2          0       1721   dma.o
        44          4          0          0          0        459   init_led.o
       524         26          0         28          0       1798   init_pwm.o
       394         38          0          0          0       1076   init_timer.o
       328         40          0        124         84       2520   init_usart.o
      1316        198          0         64          0       6019   main.o
       132         22          0          0          0     215267   misc.o
       228         34          0         36          0       1475   pid.o
        64         26        304          0       1536        804   startup_stm32f10x_hd.o
        40          0          0          0          0       3660   stm32f10x_adc.o
       564         44          0          0          0       6065   stm32f10x_dma.o
       430          6          0          0          0       3766   stm32f10x_gpio.o
        26          0          0          0          0     266262   stm32f10x_it.o
       372         50          0         20          0       6004   stm32f10x_rcc.o
      1422        156          0          0          0      11494   stm32f10x_tim.o
       372          6          0          0          0       4714   stm32f10x_usart.o
       328         28          0          0          0       1809   system_stm32f10x.o

    ----------------------------------------------------------------------
     10144        860        336        276       1620     536638   Object Totals
         0          0         32          0          0          0   (incl. Generated)
        12          0          0          1          0          0   (incl. Padding)

    ----------------------------------------------------------------------

      Code (inc. data)   RO Data    RW Data    ZI Data      Debug   Library Member Name

         8          0          0          0          0         68   __main.o
         0          0          0          0          0          0   __rtentry.o
        12          0          0          0          0          0   __rtentry2.o
         6          0          0          0          0          0   __rtentry4.o
        52          8          0          0          0          0   __scatter.o
        26          0          0          0          0          0   __scatter_copy.o
        28          0          0          0          0          0   __scatter_zi.o
        18          0          0          0          0         80   exit.o
         6          0          0          0          0        152   heapauxi.o
         0          0          0          0          0          0   indicate_semi.o
         2          0          0          0          0          0   libinit.o
         2          0          0          0          0          0   libinit2.o
         2          0          0          0          0          0   libshutdown.o
         2          0          0          0          0          0   libshutdown2.o
         8          4          0          0         96         68   libspace.o
       138          0          0          0          0         68   rt_memcpy_v6.o
       100          0          0          0          0         80   rt_memcpy_w.o
         2          0          0          0          0          0   rtexit.o
        10          0          0          0          0          0   rtexit2.o
        12          4          0          0          0         68   sys_exit.o
        74          0          0          0          0         80   sys_stackheap_outer.o
         2          0          0          0          0         68   use_no_semi.o
        98          4          0          0          0         92   d2f.o
       804         16          0          0          0        272   daddsub_clz.o
        24          0          0          0          0         68   dcmpi.o
       688        140          0          0          0        208   ddiv.o
        90          4          0          0          0         92   dfixu.o
        46          0          0          0          0         68   dflt_clz.o
       120          4          0          0          0         92   dleqf.o
       340         12          0          0          0        104   dmul.o
       156          4          0          0          0         92   dnaninf.o
        12          0          0          0          0         68   dretinf.o
       108          0          0          0          0         80   drleqf.o
        86          4          0          0          0         84   f2d.o
       450          8          0          0          0        236   faddsub_clz.o
        24          0          0          0          0         68   fcmpi.o
       104          4          0          0          0         84   feqf.o
        62          4          0          0          0         84   ffixu.o
        48          0          0          0          0         68   fflt_clz.o
       104          4          0          0          0         84   fleqf.o
       258          4          0          0          0         84   fmul.o
       140          4          0          0          0         84   fnaninf.o
        10          0          0          0          0         68   fretinf.o
        98          0          0          0          0         68   frleqf.o
         0          0          0          0          0          0   usenofp.o

    ----------------------------------------------------------------------
      4396        232          0          0         96       2980   Library Totals
        16          0          0          0          0          0   (incl. Padding)

    ----------------------------------------------------------------------

      Code (inc. data)   RO Data    RW Data    ZI Data      Debug   Library Name

       510         16          0          0         96        732   c_w.l
      3870        216          0          0          0       2248   fz_ws.l

    ----------------------------------------------------------------------
      4396        232          0          0         96       2980   Library Totals

    ----------------------------------------------------------------------

==============================================================================


      Code (inc. data)   RO Data    RW Data    ZI Data      Debug   

     14540       1092        336        276       1716     534310   Grand Totals
     14540       1092        336        276       1716     534310   ELF Image Totals
     14540       1092        336        276          0          0   ROM Totals

==============================================================================

    Total RO  Size (Code + RO Data)                14876 (  14.53kB)
    Total RW  Size (RW Data + ZI Data)              1992 (   1.95kB)
    Total ROM Size (Code + RO Data + RW Data)      15152 (  14.80kB)

==============================================================================

