<html>
<body>
<pre>
<h1>µVision Build Log</h1>
<h2>Tool Versions:</h2>
IDE-Version: ¦ÌVision V5.21.1.0
Copyright (C) 2016 ARM Ltd and ARM Germany GmbH. All rights reserved.
License Information: ll Microsoft, Microsoft, LIC=D0DRA-1VPLE-PABDH-W2L9Y-VBYKC-EREJW
 
Tool Versions:
Toolchain:       MDK-ARM Plus  Version: 5.21a
Toolchain Path:  D:\Keil_MDK\ARM\ARMCC\Bin
C Compiler:      Armcc.exe V5.06 update 3 (build 300)
Assembler:       Armasm.exe V5.06 update 3 (build 300)
Linker/Locator:  ArmLink.exe V5.06 update 3 (build 300)
Library Manager: ArmAr.exe V5.06 update 3 (build 300)
Hex Converter:   FromElf.exe V5.06 update 3 (build 300)
CPU DLL:         SARMCM3.DLL V5.21a
Dialog DLL:      DARMSTM.DLL V1.66.0.1
Target DLL:      Segger\JL2CM3.dll V2.99.23.0
Dialog DLL:      TARMSTM.DLL V1.65.0.0
 
<h2>Project:</h2>
C:\Users\sniper\Desktop\STM32F103¿ØÖÆ°å Lower4.3 - 20170805\USER\Lower.uvprojx
Project File Date:  12/21/2017

<h2>Output:</h2>
*** Using Compiler 'V5.06 update 3 (build 300)', folder: 'D:\Keil_MDK\ARM\ARMCC\Bin'
Rebuild target 'Lower1.0'
compiling stm32f10x_it.c...
compiling Delay_ms.c...
compiling system_stm32f10x.c...
compiling Init_LED.c...
compiling Init_PWM.c...
compiling Init_USART.c...
Init_USART.c(136): warning:  #550-D: variable "temp" was set but never used
          uint32_t temp = 0;  
Init_USART.c(137): warning:  #177-D: variable "i" was declared but never referenced
  	uint16_t i = 0;  
Init_USART.c(290): warning:  #550-D: variable "temp" was set but never used
  	uint32_t temp = 0;
Init_USART.c: 3 warnings, 0 errors
compiling main.c...
compiling Init_TIMER.c...
compiling DMA.c...
compiling ADC.c...
compiling Ctrl_RUDDER.c...
compiling pid.c...
assembling startup_stm32f10x_hd.s...
compiling core_cm3.c...
compiling misc.c...
compiling stm32f10x_adc.c...
compiling stm32f10x_bkp.c...
compiling stm32f10x_cec.c...
compiling stm32f10x_can.c...
compiling stm32f10x_crc.c...
compiling stm32f10x_dbgmcu.c...
compiling stm32f10x_dac.c...
compiling stm32f10x_dma.c...
compiling stm32f10x_fsmc.c...
compiling stm32f10x_exti.c...
compiling stm32f10x_flash.c...
compiling stm32f10x_i2c.c...
compiling stm32f10x_gpio.c...
compiling stm32f10x_iwdg.c...
compiling stm32f10x_rcc.c...
compiling stm32f10x_pwr.c...
compiling stm32f10x_rtc.c...
compiling stm32f10x_sdio.c...
compiling stm32f10x_spi.c...
compiling stm32f10x_tim.c...
compiling stm32f10x_usart.c...
compiling stm32f10x_wwdg.c...
linking...
Program Size: Code=14540 RO-data=336 RW-data=276 ZI-data=1716  
FromELF: creating hex file...
"..\OBJ\RemoteControl.axf" - 0 Error(s), 3 Warning(s).

<h2>Collection of Component include folders:</h2>
  C:\Users\sniper\Desktop\STM32F103¿ØÖÆ°å Lower4.3 - 20170805\USER\RTE
  D:\Keil_MDK\ARM\PACK\Keil\STM32F1xx_DFP\2.1.0\Device\Include

<h2>Collection of Component Files used:</h2>
Build Time Elapsed:  00:00:19
</pre>
</body>
</html>
